Archive member included to satisfy reference by file (symbol)

d:/envs/c++/arm/10 2021.10/bin/../lib/gcc/arm-none-eabi/10.3.1/../../../../arm-none-eabi/lib/thumb/v7-m/nofp\libc_nano.a(lib_a-exit.o)
                              d:/envs/c++/arm/10 2021.10/bin/../lib/gcc/arm-none-eabi/10.3.1/../../../../arm-none-eabi/lib/thumb/v7-m/nofp/crt0.o (exit)
d:/envs/c++/arm/10 2021.10/bin/../lib/gcc/arm-none-eabi/10.3.1/../../../../arm-none-eabi/lib/thumb/v7-m/nofp\libc_nano.a(lib_a-impure.o)
                              d:/envs/c++/arm/10 2021.10/bin/../lib/gcc/arm-none-eabi/10.3.1/../../../../arm-none-eabi/lib/thumb/v7-m/nofp\libc_nano.a(lib_a-exit.o) (_global_impure_ptr)
d:/envs/c++/arm/10 2021.10/bin/../lib/gcc/arm-none-eabi/10.3.1/../../../../arm-none-eabi/lib/thumb/v7-m/nofp\libc_nano.a(lib_a-init.o)
                              d:/envs/c++/arm/10 2021.10/bin/../lib/gcc/arm-none-eabi/10.3.1/../../../../arm-none-eabi/lib/thumb/v7-m/nofp/crt0.o (__libc_init_array)
d:/envs/c++/arm/10 2021.10/bin/../lib/gcc/arm-none-eabi/10.3.1/../../../../arm-none-eabi/lib/thumb/v7-m/nofp\libc_nano.a(lib_a-memset.o)
                              d:/envs/c++/arm/10 2021.10/bin/../lib/gcc/arm-none-eabi/10.3.1/../../../../arm-none-eabi/lib/thumb/v7-m/nofp/crt0.o (memset)
d:/envs/c++/arm/10 2021.10/bin/../lib/gcc/arm-none-eabi/10.3.1/thumb/v7-m/nofp\libgcc.a(_arm_muldf3.o)
                              CMakeFiles/Project10_19.dir/Core/App/DHT11.c.obj (__aeabi_dmul)
d:/envs/c++/arm/10 2021.10/bin/../lib/gcc/arm-none-eabi/10.3.1/thumb/v7-m/nofp\libgcc.a(_arm_mulsf3.o)
                              CMakeFiles/Project10_19.dir/Core/App/OLED.c.obj (__aeabi_fmul)
d:/envs/c++/arm/10 2021.10/bin/../lib/gcc/arm-none-eabi/10.3.1/thumb/v7-m/nofp\libgcc.a(_arm_addsubdf3.o)
                              CMakeFiles/Project10_19.dir/Core/App/DHT11.c.obj (__aeabi_dadd)
d:/envs/c++/arm/10 2021.10/bin/../lib/gcc/arm-none-eabi/10.3.1/thumb/v7-m/nofp\libgcc.a(_arm_muldivdf3.o)
                              CMakeFiles/Project10_19.dir/Core/Src/usart.c.obj (__aeabi_ddiv)
d:/envs/c++/arm/10 2021.10/bin/../lib/gcc/arm-none-eabi/10.3.1/thumb/v7-m/nofp\libgcc.a(_arm_truncdfsf2.o)
                              CMakeFiles/Project10_19.dir/Core/App/DHT11.c.obj (__aeabi_d2f)
d:/envs/c++/arm/10 2021.10/bin/../lib/gcc/arm-none-eabi/10.3.1/thumb/v7-m/nofp\libgcc.a(_arm_addsubsf3.o)
                              CMakeFiles/Project10_19.dir/Core/App/OLED.c.obj (__aeabi_fsub)
d:/envs/c++/arm/10 2021.10/bin/../lib/gcc/arm-none-eabi/10.3.1/thumb/v7-m/nofp\libgcc.a(_arm_cmpsf2.o)
                              CMakeFiles/Project10_19.dir/Core/App/OLED.c.obj (__aeabi_fcmplt)
d:/envs/c++/arm/10 2021.10/bin/../lib/gcc/arm-none-eabi/10.3.1/thumb/v7-m/nofp\libgcc.a(_arm_fixsfsi.o)
                              CMakeFiles/Project10_19.dir/Core/App/OLED.c.obj (__aeabi_f2iz)
d:/envs/c++/arm/10 2021.10/bin/../lib/gcc/arm-none-eabi/10.3.1/thumb/v7-m/nofp\libgcc.a(_arm_fixunssfsi.o)
                              CMakeFiles/Project10_19.dir/Core/Src/main.c.obj (__aeabi_f2uiz)
d:/envs/c++/arm/10 2021.10/bin/../lib/gcc/arm-none-eabi/10.3.1/../../../../arm-none-eabi/lib/thumb/v7-m/nofp\libg_nano.a(lib_a-errno.o)
                              CMakeFiles/Project10_19.dir/Core/Src/sysmem.c.obj (__errno)

Discarded input sections

 .text          0x00000000        0x0 d:/envs/c++/arm/10 2021.10/bin/../lib/gcc/arm-none-eabi/10.3.1/thumb/v7-m/nofp/crti.o
 .data          0x00000000        0x0 d:/envs/c++/arm/10 2021.10/bin/../lib/gcc/arm-none-eabi/10.3.1/thumb/v7-m/nofp/crti.o
 .bss           0x00000000        0x0 d:/envs/c++/arm/10 2021.10/bin/../lib/gcc/arm-none-eabi/10.3.1/thumb/v7-m/nofp/crti.o
 .data          0x00000000        0x4 d:/envs/c++/arm/10 2021.10/bin/../lib/gcc/arm-none-eabi/10.3.1/thumb/v7-m/nofp/crtbegin.o
 .rodata        0x00000000       0x24 d:/envs/c++/arm/10 2021.10/bin/../lib/gcc/arm-none-eabi/10.3.1/thumb/v7-m/nofp/crtbegin.o
 .text          0x00000000       0x7c d:/envs/c++/arm/10 2021.10/bin/../lib/gcc/arm-none-eabi/10.3.1/../../../../arm-none-eabi/lib/thumb/v7-m/nofp/crt0.o
 .data          0x00000000        0x0 d:/envs/c++/arm/10 2021.10/bin/../lib/gcc/arm-none-eabi/10.3.1/../../../../arm-none-eabi/lib/thumb/v7-m/nofp/crt0.o
 .bss           0x00000000        0x0 d:/envs/c++/arm/10 2021.10/bin/../lib/gcc/arm-none-eabi/10.3.1/../../../../arm-none-eabi/lib/thumb/v7-m/nofp/crt0.o
 .ARM.extab     0x00000000        0x0 d:/envs/c++/arm/10 2021.10/bin/../lib/gcc/arm-none-eabi/10.3.1/../../../../arm-none-eabi/lib/thumb/v7-m/nofp/crt0.o
 .ARM.exidx     0x00000000       0x10 d:/envs/c++/arm/10 2021.10/bin/../lib/gcc/arm-none-eabi/10.3.1/../../../../arm-none-eabi/lib/thumb/v7-m/nofp/crt0.o
 .ARM.attributes
                0x00000000       0x1b d:/envs/c++/arm/10 2021.10/bin/../lib/gcc/arm-none-eabi/10.3.1/../../../../arm-none-eabi/lib/thumb/v7-m/nofp/crt0.o
[...]
Memory Configuration

Name             Origin             Length             Attributes
RAM              0x20000000         0x0000c000         xrw
FLASH            0x08000000         0x00040000         xr
*default*        0x00000000         0xffffffff

Linker script and memory map

LOAD d:/envs/c++/arm/10 2021.10/bin/../lib/gcc/arm-none-eabi/10.3.1/thumb/v7-m/nofp/crti.o
LOAD d:/envs/c++/arm/10 2021.10/bin/../lib/gcc/arm-none-eabi/10.3.1/thumb/v7-m/nofp/crtbegin.o
LOAD d:/envs/c++/arm/10 2021.10/bin/../lib/gcc/arm-none-eabi/10.3.1/../../../../arm-none-eabi/lib/thumb/v7-m/nofp/crt0.o
START GROUP
LOAD d:/envs/c++/arm/10 2021.10/bin/../lib/gcc/arm-none-eabi/10.3.1/../../../../arm-none-eabi/lib/thumb/v7-m/nofp\libc_nano.a
LOAD d:/envs/c++/arm/10 2021.10/bin/../lib/gcc/arm-none-eabi/10.3.1/../../../../arm-none-eabi/lib/thumb/v7-m/nofp\libm.a
END GROUP
LOAD CMakeFiles/Project10_19.dir/Core/App/DHT11.c.obj
LOAD CMakeFiles/Project10_19.dir/Core/App/OLED.c.obj
LOAD CMakeFiles/Project10_19.dir/Core/App/oledfont.c.obj
LOAD CMakeFiles/Project10_19.dir/Core/Src/main.c.obj
LOAD CMakeFiles/Project10_19.dir/Core/Src/gpio.c.obj
LOAD CMakeFiles/Project10_19.dir/Core/Src/adc.c.obj
LOAD CMakeFiles/Project10_19.dir/Core/Src/i2c.c.obj
LOAD CMakeFiles/Project10_19.dir/Core/Src/tim.c.obj
LOAD CMakeFiles/Project10_19.dir/Core/Src/usart.c.obj
LOAD CMakeFiles/Project10_19.dir/Core/Src/stm32f1xx_it.c.obj
LOAD CMakeFiles/Project10_19.dir/Core/Src/stm32f1xx_hal_msp.c.obj
LOAD CMakeFiles/Project10_19.dir/Drivers/STM32F1xx_HAL_Driver/Src/stm32f1xx_hal_gpio_ex.c.obj
LOAD CMakeFiles/Project10_19.dir/Drivers/STM32F1xx_HAL_Driver/Src/stm32f1xx_hal_adc.c.obj
LOAD CMakeFiles/Project10_19.dir/Drivers/STM32F1xx_HAL_Driver/Src/stm32f1xx_hal_adc_ex.c.obj
LOAD CMakeFiles/Project10_19.dir/Drivers/STM32F1xx_HAL_Driver/Src/stm32f1xx_hal.c.obj
LOAD CMakeFiles/Project10_19.dir/Drivers/STM32F1xx_HAL_Driver/Src/stm32f1xx_hal_rcc.c.obj
LOAD CMakeFiles/Project10_19.dir/Drivers/STM32F1xx_HAL_Driver/Src/stm32f1xx_hal_rcc_ex.c.obj
LOAD CMakeFiles/Project10_19.dir/Drivers/STM32F1xx_HAL_Driver/Src/stm32f1xx_hal_gpio.c.obj
LOAD CMakeFiles/Project10_19.dir/Drivers/STM32F1xx_HAL_Driver/Src/stm32f1xx_hal_dma.c.obj
LOAD CMakeFiles/Project10_19.dir/Drivers/STM32F1xx_HAL_Driver/Src/stm32f1xx_hal_cortex.c.obj
LOAD CMakeFiles/Project10_19.dir/Drivers/STM32F1xx_HAL_Driver/Src/stm32f1xx_hal_pwr.c.obj
LOAD CMakeFiles/Project10_19.dir/Drivers/STM32F1xx_HAL_Driver/Src/stm32f1xx_hal_flash.c.obj
LOAD CMakeFiles/Project10_19.dir/Drivers/STM32F1xx_HAL_Driver/Src/stm32f1xx_hal_flash_ex.c.obj
LOAD CMakeFiles/Project10_19.dir/Drivers/STM32F1xx_HAL_Driver/Src/stm32f1xx_hal_exti.c.obj
LOAD CMakeFiles/Project10_19.dir/Drivers/STM32F1xx_HAL_Driver/Src/stm32f1xx_hal_i2c.c.obj
LOAD CMakeFiles/Project10_19.dir/Drivers/STM32F1xx_HAL_Driver/Src/stm32f1xx_hal_tim.c.obj
LOAD CMakeFiles/Project10_19.dir/Drivers/STM32F1xx_HAL_Driver/Src/stm32f1xx_hal_tim_ex.c.obj
LOAD CMakeFiles/Project10_19.dir/Drivers/STM32F1xx_HAL_Driver/Src/stm32f1xx_hal_uart.c.obj
LOAD CMakeFiles/Project10_19.dir/Core/Src/system_stm32f1xx.c.obj
LOAD CMakeFiles/Project10_19.dir/Core/Src/sysmem.c.obj
LOAD CMakeFiles/Project10_19.dir/Core/Src/syscalls.c.obj
LOAD CMakeFiles/Project10_19.dir/startup_stm32f103xe.s.obj
START GROUP
LOAD d:/envs/c++/arm/10 2021.10/bin/../lib/gcc/arm-none-eabi/10.3.1/thumb/v7-m/nofp\libgcc.a
LOAD d:/envs/c++/arm/10 2021.10/bin/../lib/gcc/arm-none-eabi/10.3.1/../../../../arm-none-eabi/lib/thumb/v7-m/nofp\libg_nano.a
LOAD d:/envs/c++/arm/10 2021.10/bin/../lib/gcc/arm-none-eabi/10.3.1/../../../../arm-none-eabi/lib/thumb/v7-m/nofp\libc_nano.a
END GROUP
START GROUP
LOAD d:/envs/c++/arm/10 2021.10/bin/../lib/gcc/arm-none-eabi/10.3.1/thumb/v7-m/nofp\libgcc.a
LOAD d:/envs/c++/arm/10 2021.10/bin/../lib/gcc/arm-none-eabi/10.3.1/../../../../arm-none-eabi/lib/thumb/v7-m/nofp\libc_nano.a
END GROUP
LOAD d:/envs/c++/arm/10 2021.10/bin/../lib/gcc/arm-none-eabi/10.3.1/thumb/v7-m/nofp/crtend.o
LOAD d:/envs/c++/arm/10 2021.10/bin/../lib/gcc/arm-none-eabi/10.3.1/thumb/v7-m/nofp/crtn.o
                0x2000c000                _estack = (ORIGIN (RAM) + LENGTH (RAM))
                0x00000200                _Min_Heap_Size = 0x200
                0x00000400                _Min_Stack_Size = 0x400

.isr_vector     0x08000000      0x1e4
                0x08000000                . = ALIGN (0x4)
 *(.isr_vector)
 .isr_vector    0x08000000      0x1e4 CMakeFiles/Project10_19.dir/startup_stm32f103xe.s.obj
                0x08000000                g_pfnVectors
                0x080001e4                . = ALIGN (0x4)

.text           0x080001e8     0x58b0
                0x080001e8                . = ALIGN (0x4)
 *(.text)
 .text          0x080001e8       0x40 d:/envs/c++/arm/10 2021.10/bin/../lib/gcc/arm-none-eabi/10.3.1/thumb/v7-m/nofp/crtbegin.o
 .text          0x08000228      0x168 d:/envs/c++/arm/10 2021.10/bin/../lib/gcc/arm-none-eabi/10.3.1/thumb/v7-m/nofp\libgcc.a(_arm_mulsf3.o)
                0x08000228                __aeabi_fmul
                0x08000228                __mulsf3
 .text          0x08000390      0x378 d:/envs/c++/arm/10 2021.10/bin/../lib/gcc/arm-none-eabi/10.3.1/thumb/v7-m/nofp\libgcc.a(_arm_addsubdf3.o)
                0x08000390                __aeabi_drsub
                0x08000398                __aeabi_dsub
                0x08000398                __subdf3
                0x0800039c                __aeabi_dadd
                0x0800039c                __adddf3
                0x08000614                __floatunsidf
                0x08000614                __aeabi_ui2d
                0x08000634                __floatsidf
                0x08000634                __aeabi_i2d
                0x08000658                __aeabi_f2d
                0x08000658                __extendsfdf2
                0x0800069c                __floatundidf
                0x0800069c                __aeabi_ul2d
                0x080006ac                __floatdidf
                0x080006ac                __aeabi_l2d
 .text          0x08000708      0x424 d:/envs/c++/arm/10 2021.10/bin/../lib/gcc/arm-none-eabi/10.3.1/thumb/v7-m/nofp\libgcc.a(_arm_muldivdf3.o)
                0x08000708                __aeabi_dmul
                0x08000708                __muldf3
                0x0800095c                __divdf3
                0x0800095c                __aeabi_ddiv
 .text          0x08000b2c       0xa0 d:/envs/c++/arm/10 2021.10/bin/../lib/gcc/arm-none-eabi/10.3.1/thumb/v7-m/nofp\libgcc.a(_arm_truncdfsf2.o)
                0x08000b2c                __truncdfsf2
                0x08000b2c                __aeabi_d2f
 .text          0x08000bcc      0x21c d:/envs/c++/arm/10 2021.10/bin/../lib/gcc/arm-none-eabi/10.3.1/thumb/v7-m/nofp\libgcc.a(_arm_addsubsf3.o)
                0x08000bcc                __aeabi_frsub
                0x08000bd4                __subsf3
                0x08000bd4                __aeabi_fsub
                0x08000bd8                __aeabi_fadd
                0x08000bd8                __addsf3
                0x08000d38                __aeabi_ui2f
                0x08000d38                __floatunsisf
                0x08000d40                __aeabi_i2f
                0x08000d40                __floatsisf
                0x08000d5c                __aeabi_ul2f
                0x08000d5c                __floatundisf
                0x08000d6c                __aeabi_l2f
                0x08000d6c                __floatdisf
 .text          0x08000de8       0x40 d:/envs/c++/arm/10 2021.10/bin/../lib/gcc/arm-none-eabi/10.3.1/thumb/v7-m/nofp\libgcc.a(_arm_fixunssfsi.o)
                0x08000de8                __fixunssfsi
                0x08000de8                __aeabi_f2uiz
 *(.text*)
 .text.__libc_init_array
                0x08000e28       0x48 d:/envs/c++/arm/10 2021.10/bin/../lib/gcc/arm-none-eabi/10.3.1/../../../../arm-none-eabi/lib/thumb/v7-m/nofp\libc_nano.a(lib_a-init.o)
                0x08000e28                __libc_init_array
 .text.memset   0x08000e70       0x10 d:/envs/c++/arm/10 2021.10/bin/../lib/gcc/arm-none-eabi/10.3.1/../../../../arm-none-eabi/lib/thumb/v7-m/nofp\libc_nano.a(lib_a-memset.o)
                0x08000e70                memset
 .text.DHT11_PIN_Mode
                0x08000e80       0x6c CMakeFiles/Project10_19.dir/Core/App/DHT11.c.obj
                0x08000e80                DHT11_PIN_Mode
 .text.DHT11_Start
                0x08000eec       0x44 CMakeFiles/Project10_19.dir/Core/App/DHT11.c.obj
                0x08000eec                DHT11_Start
 .text.DHT11_Check
                0x08000f30       0x7c CMakeFiles/Project10_19.dir/Core/App/DHT11.c.obj
                0x08000f30                DHT11_Check
 .text.DHT11_Read_Bit
                0x08000fac       0x4c CMakeFiles/Project10_19.dir/Core/App/DHT11.c.obj
                0x08000fac                DHT11_Read_Bit
 .text.DHT11_Read_Byte
                0x08000ff8       0x3e CMakeFiles/Project10_19.dir/Core/App/DHT11.c.obj
                0x08000ff8                DHT11_Read_Byte
 *fill*         0x08001036        0x2 
 .text.DHT11_READ_DATA
                0x08001038       0xfc CMakeFiles/Project10_19.dir/Core/App/DHT11.c.obj
                0x08001038                DHT11_READ_DATA
 .text.DHT11_Delay_us
                0x08001134       0xb0 CMakeFiles/Project10_19.dir/Core/App/DHT11.c.obj
                0x08001134                DHT11_Delay_us
 .text.OLED_Init
                0x080011e4       0x3c CMakeFiles/Project10_19.dir/Core/App/OLED.c.obj
                0x080011e4                OLED_Init
 .text.OLED_WR_CMD
                0x08001220       0x30 CMakeFiles/Project10_19.dir/Core/App/OLED.c.obj
                0x08001220                OLED_WR_CMD
 .text.OLED_WR_DATA
                0x08001250       0x30 CMakeFiles/Project10_19.dir/Core/App/OLED.c.obj
                0x08001250                OLED_WR_DATA
 .text.OLED_Clear
                0x08001280       0x54 CMakeFiles/Project10_19.dir/Core/App/OLED.c.obj
                0x08001280                OLED_Clear
 .text.OLED_Set_Pos
                0x080012d4       0x44 CMakeFiles/Project10_19.dir/Core/App/OLED.c.obj
                0x080012d4                OLED_Set_Pos
 .text.oled_pow
                0x08001318       0x36 CMakeFiles/Project10_19.dir/Core/App/OLED.c.obj
                0x08001318                oled_pow
 *fill*         0x0800134e        0x2 
 .text.OLED_ShowChar
                0x08001350      0x160 CMakeFiles/Project10_19.dir/Core/App/OLED.c.obj
                0x08001350                OLED_ShowChar
 .text.OLED_ShowString
                0x080014b0       0x92 CMakeFiles/Project10_19.dir/Core/App/OLED.c.obj
                0x080014b0                OLED_ShowString
 *fill*         0x08001542        0x2 
 .text.OLED_ShowNum
                0x08001544       0xe4 CMakeFiles/Project10_19.dir/Core/App/OLED.c.obj
                0x08001544                OLED_ShowNum
 .text.main     0x08001628       0xa8 CMakeFiles/Project10_19.dir/Core/Src/main.c.obj
                0x08001628                main
 .text.SystemClock_Config
                0x080016d0       0xba CMakeFiles/Project10_19.dir/Core/Src/main.c.obj
                0x080016d0                SystemClock_Config
 *fill*         0x0800178a        0x2 
 .text.demo_envdata
                0x0800178c       0xe0 CMakeFiles/Project10_19.dir/Core/Src/main.c.obj
                0x0800178c                demo_envdata
 .text.HAL_TIM_PeriodElapsedCallback
                0x0800186c       0x28 CMakeFiles/Project10_19.dir/Core/Src/main.c.obj
                0x0800186c                HAL_TIM_PeriodElapsedCallback
 .text.Error_Handler
                0x08001894        0xa CMakeFiles/Project10_19.dir/Core/Src/main.c.obj
                0x08001894                Error_Handler
 *fill*         0x0800189e        0x2 
 .text.MX_GPIO_Init
                0x080018a0       0xc8 CMakeFiles/Project10_19.dir/Core/Src/gpio.c.obj
                0x080018a0                MX_GPIO_Init
 .text.MX_ADC1_Init
                0x08001968       0x7c CMakeFiles/Project10_19.dir/Core/Src/adc.c.obj
                0x08001968                MX_ADC1_Init
 .text.HAL_ADC_MspInit
                0x080019e4       0x78 CMakeFiles/Project10_19.dir/Core/Src/adc.c.obj
                0x080019e4                HAL_ADC_MspInit
 .text.MX_I2C1_Init
                0x08001a5c       0x5c CMakeFiles/Project10_19.dir/Core/Src/i2c.c.obj
                0x08001a5c                MX_I2C1_Init
 .text.HAL_I2C_MspInit
                0x08001ab8       0x7c CMakeFiles/Project10_19.dir/Core/Src/i2c.c.obj
                0x08001ab8                HAL_I2C_MspInit
 .text.MX_TIM7_Init
                0x08001b34       0x6c CMakeFiles/Project10_19.dir/Core/Src/tim.c.obj
                0x08001b34                MX_TIM7_Init
 .text.HAL_TIM_Base_MspInit
                0x08001ba0       0x4c CMakeFiles/Project10_19.dir/Core/Src/tim.c.obj
                0x08001ba0                HAL_TIM_Base_MspInit
 .text.MX_USART1_UART_Init
                0x08001bec       0x54 CMakeFiles/Project10_19.dir/Core/Src/usart.c.obj
                0x08001bec                MX_USART1_UART_Init
 .text.HAL_UART_MspInit
                0x08001c40       0xa8 CMakeFiles/Project10_19.dir/Core/Src/usart.c.obj
                0x08001c40                HAL_UART_MspInit
 .text.HAL_UART_RxCpltCallback
                0x08001ce8      0x1d8 CMakeFiles/Project10_19.dir/Core/Src/usart.c.obj
                0x08001ce8                HAL_UART_RxCpltCallback
 .text.NMI_Handler
                0x08001ec0        0x6 CMakeFiles/Project10_19.dir/Core/Src/stm32f1xx_it.c.obj
                0x08001ec0                NMI_Handler
 .text.HardFault_Handler
                0x08001ec6        0x6 CMakeFiles/Project10_19.dir/Core/Src/stm32f1xx_it.c.obj
                0x08001ec6                HardFault_Handler
 .text.MemManage_Handler
                0x08001ecc        0x6 CMakeFiles/Project10_19.dir/Core/Src/stm32f1xx_it.c.obj
                0x08001ecc                MemManage_Handler
 .text.BusFault_Handler
                0x08001ed2        0x6 CMakeFiles/Project10_19.dir/Core/Src/stm32f1xx_it.c.obj
                0x08001ed2                BusFault_Handler
 .text.UsageFault_Handler
                0x08001ed8        0x6 CMakeFiles/Project10_19.dir/Core/Src/stm32f1xx_it.c.obj
                0x08001ed8                UsageFault_Handler
 .text.SVC_Handler
                0x08001ede        0xc CMakeFiles/Project10_19.dir/Core/Src/stm32f1xx_it.c.obj
                0x08001ede                SVC_Handler
 .text.DebugMon_Handler
                0x08001eea        0xc CMakeFiles/Project10_19.dir/Core/Src/stm32f1xx_it.c.obj
                0x08001eea                DebugMon_Handler
 .text.PendSV_Handler
                0x08001ef6        0xc CMakeFiles/Project10_19.dir/Core/Src/stm32f1xx_it.c.obj
                0x08001ef6                PendSV_Handler
 .text.SysTick_Handler
                0x08001f02        0xc CMakeFiles/Project10_19.dir/Core/Src/stm32f1xx_it.c.obj
                0x08001f02                SysTick_Handler
 *fill*         0x08001f0e        0x2 
 .text.USART1_IRQHandler
                0x08001f10       0x14 CMakeFiles/Project10_19.dir/Core/Src/stm32f1xx_it.c.obj
                0x08001f10                USART1_IRQHandler
 .text.TIM7_IRQHandler
                0x08001f24       0x14 CMakeFiles/Project10_19.dir/Core/Src/stm32f1xx_it.c.obj
                0x08001f24                TIM7_IRQHandler
 .text.HAL_MspInit
                0x08001f38       0x64 CMakeFiles/Project10_19.dir/Core/Src/stm32f1xx_hal_msp.c.obj
                0x08001f38                HAL_MspInit
 .text.HAL_ADC_Init
                0x08001f9c      0x1d4 CMakeFiles/Project10_19.dir/Drivers/STM32F1xx_HAL_Driver/Src/stm32f1xx_hal_adc.c.obj
                0x08001f9c                HAL_ADC_Init
 .text.HAL_ADC_Start
                0x08002170      0x15c CMakeFiles/Project10_19.dir/Drivers/STM32F1xx_HAL_Driver/Src/stm32f1xx_hal_adc.c.obj
                0x08002170                HAL_ADC_Start
 .text.HAL_ADC_PollForConversion
                0x080022cc      0x20c CMakeFiles/Project10_19.dir/Drivers/STM32F1xx_HAL_Driver/Src/stm32f1xx_hal_adc.c.obj
                0x080022cc                HAL_ADC_PollForConversion
 .text.HAL_ADC_GetValue
                0x080024d8       0x18 CMakeFiles/Project10_19.dir/Drivers/STM32F1xx_HAL_Driver/Src/stm32f1xx_hal_adc.c.obj
                0x080024d8                HAL_ADC_GetValue
 .text.HAL_ADC_ConfigChannel
                0x080024f0      0x1f0 CMakeFiles/Project10_19.dir/Drivers/STM32F1xx_HAL_Driver/Src/stm32f1xx_hal_adc.c.obj
                0x080024f0                HAL_ADC_ConfigChannel
 .text.HAL_ADC_GetState
                0x080026e0       0x16 CMakeFiles/Project10_19.dir/Drivers/STM32F1xx_HAL_Driver/Src/stm32f1xx_hal_adc.c.obj
                0x080026e0                HAL_ADC_GetState
 *fill*         0x080026f6        0x2 
 .text.ADC_Enable
                0x080026f8       0xb4 CMakeFiles/Project10_19.dir/Drivers/STM32F1xx_HAL_Driver/Src/stm32f1xx_hal_adc.c.obj
                0x080026f8                ADC_Enable
 .text.ADC_ConversionStop_Disable
                0x080027ac       0x82 CMakeFiles/Project10_19.dir/Drivers/STM32F1xx_HAL_Driver/Src/stm32f1xx_hal_adc.c.obj
                0x080027ac                ADC_ConversionStop_Disable
 *fill*         0x0800282e        0x2 
 .text.HAL_ADCEx_Calibration_Start
                0x08002830      0x15c CMakeFiles/Project10_19.dir/Drivers/STM32F1xx_HAL_Driver/Src/stm32f1xx_hal_adc_ex.c.obj
                0x08002830                HAL_ADCEx_Calibration_Start
 .text.HAL_Init
                0x0800298c       0x2c CMakeFiles/Project10_19.dir/Drivers/STM32F1xx_HAL_Driver/Src/stm32f1xx_hal.c.obj
                0x0800298c                HAL_Init
 .text.HAL_InitTick
                0x080029b8       0x60 CMakeFiles/Project10_19.dir/Drivers/STM32F1xx_HAL_Driver/Src/stm32f1xx_hal.c.obj
                0x080029b8                HAL_InitTick
 .text.HAL_IncTick
                0x08002a18       0x24 CMakeFiles/Project10_19.dir/Drivers/STM32F1xx_HAL_Driver/Src/stm32f1xx_hal.c.obj
                0x08002a18                HAL_IncTick
 .text.HAL_GetTick
                0x08002a3c       0x14 CMakeFiles/Project10_19.dir/Drivers/STM32F1xx_HAL_Driver/Src/stm32f1xx_hal.c.obj
                0x08002a3c                HAL_GetTick
 .text.HAL_Delay
                0x08002a50       0x48 CMakeFiles/Project10_19.dir/Drivers/STM32F1xx_HAL_Driver/Src/stm32f1xx_hal.c.obj
                0x08002a50                HAL_Delay
 .text.HAL_RCC_OscConfig
                0x08002a98      0x504 CMakeFiles/Project10_19.dir/Drivers/STM32F1xx_HAL_Driver/Src/stm32f1xx_hal_rcc.c.obj
                0x08002a98                HAL_RCC_OscConfig
 .text.HAL_RCC_ClockConfig
                0x08002f9c      0x1d4 CMakeFiles/Project10_19.dir/Drivers/STM32F1xx_HAL_Driver/Src/stm32f1xx_hal_rcc.c.obj
                0x08002f9c                HAL_RCC_ClockConfig
 .text.HAL_RCC_GetSysClockFreq
                0x08003170       0xa8 CMakeFiles/Project10_19.dir/Drivers/STM32F1xx_HAL_Driver/Src/stm32f1xx_hal_rcc.c.obj
                0x08003170                HAL_RCC_GetSysClockFreq
 .text.HAL_RCC_GetHCLKFreq
                0x08003218       0x14 CMakeFiles/Project10_19.dir/Drivers/STM32F1xx_HAL_Driver/Src/stm32f1xx_hal_rcc.c.obj
                0x08003218                HAL_RCC_GetHCLKFreq
 .text.HAL_RCC_GetPCLK1Freq
                0x0800322c       0x28 CMakeFiles/Project10_19.dir/Drivers/STM32F1xx_HAL_Driver/Src/stm32f1xx_hal_rcc.c.obj
                0x0800322c                HAL_RCC_GetPCLK1Freq
 .text.HAL_RCC_GetPCLK2Freq
                0x08003254       0x28 CMakeFiles/Project10_19.dir/Drivers/STM32F1xx_HAL_Driver/Src/stm32f1xx_hal_rcc.c.obj
                0x08003254                HAL_RCC_GetPCLK2Freq
 .text.RCC_Delay
                0x0800327c       0x3c CMakeFiles/Project10_19.dir/Drivers/STM32F1xx_HAL_Driver/Src/stm32f1xx_hal_rcc.c.obj
 .text.HAL_RCCEx_PeriphCLKConfig
                0x080032b8      0x16c CMakeFiles/Project10_19.dir/Drivers/STM32F1xx_HAL_Driver/Src/stm32f1xx_hal_rcc_ex.c.obj
                0x080032b8                HAL_RCCEx_PeriphCLKConfig
 .text.HAL_RCCEx_GetPeriphCLKFreq
                0x08003424      0x1b0 CMakeFiles/Project10_19.dir/Drivers/STM32F1xx_HAL_Driver/Src/stm32f1xx_hal_rcc_ex.c.obj
                0x08003424                HAL_RCCEx_GetPeriphCLKFreq
 .text.HAL_GPIO_Init
                0x080035d4      0x328 CMakeFiles/Project10_19.dir/Drivers/STM32F1xx_HAL_Driver/Src/stm32f1xx_hal_gpio.c.obj
                0x080035d4                HAL_GPIO_Init
 .text.HAL_GPIO_ReadPin
                0x080038fc       0x2e CMakeFiles/Project10_19.dir/Drivers/STM32F1xx_HAL_Driver/Src/stm32f1xx_hal_gpio.c.obj
                0x080038fc                HAL_GPIO_ReadPin
 .text.HAL_GPIO_WritePin
                0x0800392a       0x30 CMakeFiles/Project10_19.dir/Drivers/STM32F1xx_HAL_Driver/Src/stm32f1xx_hal_gpio.c.obj
                0x0800392a                HAL_GPIO_WritePin
 .text.HAL_GPIO_TogglePin
                0x0800395a       0x32 CMakeFiles/Project10_19.dir/Drivers/STM32F1xx_HAL_Driver/Src/stm32f1xx_hal_gpio.c.obj
                0x0800395a                HAL_GPIO_TogglePin
 .text.HAL_DMA_Abort
                0x0800398c       0x76 CMakeFiles/Project10_19.dir/Drivers/STM32F1xx_HAL_Driver/Src/stm32f1xx_hal_dma.c.obj
                0x0800398c                HAL_DMA_Abort
 *fill*         0x08003a02        0x2 
 .text.HAL_DMA_Abort_IT
                0x08003a04      0x210 CMakeFiles/Project10_19.dir/Drivers/STM32F1xx_HAL_Driver/Src/stm32f1xx_hal_dma.c.obj
                0x08003a04                HAL_DMA_Abort_IT
 .text.__NVIC_SetPriorityGrouping
                0x08003c14       0x48 CMakeFiles/Project10_19.dir/Drivers/STM32F1xx_HAL_Driver/Src/stm32f1xx_hal_cortex.c.obj
 .text.__NVIC_GetPriorityGrouping
                0x08003c5c       0x1c CMakeFiles/Project10_19.dir/Drivers/STM32F1xx_HAL_Driver/Src/stm32f1xx_hal_cortex.c.obj
 .text.__NVIC_EnableIRQ
                0x08003c78       0x38 CMakeFiles/Project10_19.dir/Drivers/STM32F1xx_HAL_Driver/Src/stm32f1xx_hal_cortex.c.obj
 .text.__NVIC_SetPriority
                0x08003cb0       0x54 CMakeFiles/Project10_19.dir/Drivers/STM32F1xx_HAL_Driver/Src/stm32f1xx_hal_cortex.c.obj
 .text.NVIC_EncodePriority
                0x08003d04       0x64 CMakeFiles/Project10_19.dir/Drivers/STM32F1xx_HAL_Driver/Src/stm32f1xx_hal_cortex.c.obj
 .text.SysTick_Config
                0x08003d68       0x44 CMakeFiles/Project10_19.dir/Drivers/STM32F1xx_HAL_Driver/Src/stm32f1xx_hal_cortex.c.obj
 .text.HAL_NVIC_SetPriorityGrouping
                0x08003dac       0x16 CMakeFiles/Project10_19.dir/Drivers/STM32F1xx_HAL_Driver/Src/stm32f1xx_hal_cortex.c.obj
                0x08003dac                HAL_NVIC_SetPriorityGrouping
 .text.HAL_NVIC_SetPriority
                0x08003dc2       0x38 CMakeFiles/Project10_19.dir/Drivers/STM32F1xx_HAL_Driver/Src/stm32f1xx_hal_cortex.c.obj
                0x08003dc2                HAL_NVIC_SetPriority
 .text.HAL_NVIC_EnableIRQ
                0x08003dfa       0x1c CMakeFiles/Project10_19.dir/Drivers/STM32F1xx_HAL_Driver/Src/stm32f1xx_hal_cortex.c.obj
                0x08003dfa                HAL_NVIC_EnableIRQ
 .text.HAL_SYSTICK_Config
                0x08003e16       0x18 CMakeFiles/Project10_19.dir/Drivers/STM32F1xx_HAL_Driver/Src/stm32f1xx_hal_cortex.c.obj
                0x08003e16                HAL_SYSTICK_Config
 *fill*         0x08003e2e        0x2 
 .text.HAL_I2C_Init
                0x08003e30      0x288 CMakeFiles/Project10_19.dir/Drivers/STM32F1xx_HAL_Driver/Src/stm32f1xx_hal_i2c.c.obj
                0x08003e30                HAL_I2C_Init
 .text.HAL_I2C_Mem_Write
                0x080040b8      0x1f4 CMakeFiles/Project10_19.dir/Drivers/STM32F1xx_HAL_Driver/Src/stm32f1xx_hal_i2c.c.obj
                0x080040b8                HAL_I2C_Mem_Write
 .text.I2C_RequestMemoryWrite
                0x080042ac      0x12c CMakeFiles/Project10_19.dir/Drivers/STM32F1xx_HAL_Driver/Src/stm32f1xx_hal_i2c.c.obj
 .text.I2C_WaitOnFlagUntilTimeout
                0x080043d8       0xf4 CMakeFiles/Project10_19.dir/Drivers/STM32F1xx_HAL_Driver/Src/stm32f1xx_hal_i2c.c.obj
 .text.I2C_WaitOnMasterAddressFlagUntilTimeout
                0x080044cc      0x140 CMakeFiles/Project10_19.dir/Drivers/STM32F1xx_HAL_Driver/Src/stm32f1xx_hal_i2c.c.obj
 .text.I2C_WaitOnTXEFlagUntilTimeout
                0x0800460c       0x90 CMakeFiles/Project10_19.dir/Drivers/STM32F1xx_HAL_Driver/Src/stm32f1xx_hal_i2c.c.obj
 .text.I2C_WaitOnBTFFlagUntilTimeout
                0x0800469c       0x90 CMakeFiles/Project10_19.dir/Drivers/STM32F1xx_HAL_Driver/Src/stm32f1xx_hal_i2c.c.obj
 .text.I2C_IsAcknowledgeFailed
                0x0800472c       0x5c CMakeFiles/Project10_19.dir/Drivers/STM32F1xx_HAL_Driver/Src/stm32f1xx_hal_i2c.c.obj
 .text.HAL_TIM_Base_Init
                0x08004788       0x9e CMakeFiles/Project10_19.dir/Drivers/STM32F1xx_HAL_Driver/Src/stm32f1xx_hal_tim.c.obj
                0x08004788                HAL_TIM_Base_Init
 *fill*         0x08004826        0x2 
 .text.HAL_TIM_Base_Start_IT
                0x08004828       0xc0 CMakeFiles/Project10_19.dir/Drivers/STM32F1xx_HAL_Driver/Src/stm32f1xx_hal_tim.c.obj
                0x08004828                HAL_TIM_Base_Start_IT
 .text.HAL_TIM_IRQHandler
                0x080048e8      0x1e0 CMakeFiles/Project10_19.dir/Drivers/STM32F1xx_HAL_Driver/Src/stm32f1xx_hal_tim.c.obj
                0x080048e8                HAL_TIM_IRQHandler
 .text.HAL_TIM_OC_DelayElapsedCallback
                0x08004ac8       0x12 CMakeFiles/Project10_19.dir/Drivers/STM32F1xx_HAL_Driver/Src/stm32f1xx_hal_tim.c.obj
                0x08004ac8                HAL_TIM_OC_DelayElapsedCallback
 .text.HAL_TIM_IC_CaptureCallback
                0x08004ada       0x12 CMakeFiles/Project10_19.dir/Drivers/STM32F1xx_HAL_Driver/Src/stm32f1xx_hal_tim.c.obj
                0x08004ada                HAL_TIM_IC_CaptureCallback
 .text.HAL_TIM_PWM_PulseFinishedCallback
                0x08004aec       0x12 CMakeFiles/Project10_19.dir/Drivers/STM32F1xx_HAL_Driver/Src/stm32f1xx_hal_tim.c.obj
                0x08004aec                HAL_TIM_PWM_PulseFinishedCallback
 .text.HAL_TIM_TriggerCallback
                0x08004afe       0x12 CMakeFiles/Project10_19.dir/Drivers/STM32F1xx_HAL_Driver/Src/stm32f1xx_hal_tim.c.obj
                0x08004afe                HAL_TIM_TriggerCallback
 .text.TIM_Base_SetConfig
                0x08004b10      0x10c CMakeFiles/Project10_19.dir/Drivers/STM32F1xx_HAL_Driver/Src/stm32f1xx_hal_tim.c.obj
                0x08004b10                TIM_Base_SetConfig
 .text.HAL_TIMEx_MasterConfigSynchronization
                0x08004c1c       0xd8 CMakeFiles/Project10_19.dir/Drivers/STM32F1xx_HAL_Driver/Src/stm32f1xx_hal_tim_ex.c.obj
                0x08004c1c                HAL_TIMEx_MasterConfigSynchronization
 .text.HAL_TIMEx_CommutCallback
                0x08004cf4       0x12 CMakeFiles/Project10_19.dir/Drivers/STM32F1xx_HAL_Driver/Src/stm32f1xx_hal_tim_ex.c.obj
                0x08004cf4                HAL_TIMEx_CommutCallback
 .text.HAL_TIMEx_BreakCallback
                0x08004d06       0x12 CMakeFiles/Project10_19.dir/Drivers/STM32F1xx_HAL_Driver/Src/stm32f1xx_hal_tim_ex.c.obj
                0x08004d06                HAL_TIMEx_BreakCallback
 .text.HAL_UART_Init
                0x08004d18       0xa0 CMakeFiles/Project10_19.dir/Drivers/STM32F1xx_HAL_Driver/Src/stm32f1xx_hal_uart.c.obj
                0x08004d18                HAL_UART_Init
 .text.HAL_UART_Transmit
                0x08004db8      0x116 CMakeFiles/Project10_19.dir/Drivers/STM32F1xx_HAL_Driver/Src/stm32f1xx_hal_uart.c.obj
                0x08004db8                HAL_UART_Transmit
 .text.HAL_UART_Receive_IT
                0x08004ece       0x4a CMakeFiles/Project10_19.dir/Drivers/STM32F1xx_HAL_Driver/Src/stm32f1xx_hal_uart.c.obj
                0x08004ece                HAL_UART_Receive_IT
 .text.HAL_UART_IRQHandler
                0x08004f18      0x524 CMakeFiles/Project10_19.dir/Drivers/STM32F1xx_HAL_Driver/Src/stm32f1xx_hal_uart.c.obj
                0x08004f18                HAL_UART_IRQHandler
 .text.HAL_UART_TxCpltCallback
                0x0800543c       0x12 CMakeFiles/Project10_19.dir/Drivers/STM32F1xx_HAL_Driver/Src/stm32f1xx_hal_uart.c.obj
                0x0800543c                HAL_UART_TxCpltCallback
 .text.HAL_UART_ErrorCallback
                0x0800544e       0x12 CMakeFiles/Project10_19.dir/Drivers/STM32F1xx_HAL_Driver/Src/stm32f1xx_hal_uart.c.obj
                0x0800544e                HAL_UART_ErrorCallback
 .text.HAL_UARTEx_RxEventCallback
                0x08005460       0x16 CMakeFiles/Project10_19.dir/Drivers/STM32F1xx_HAL_Driver/Src/stm32f1xx_hal_uart.c.obj
                0x08005460                HAL_UARTEx_RxEventCallback
 .text.HAL_UART_GetState
                0x08005476       0x3a CMakeFiles/Project10_19.dir/Drivers/STM32F1xx_HAL_Driver/Src/stm32f1xx_hal_uart.c.obj
                0x08005476                HAL_UART_GetState
 .text.UART_WaitOnFlagUntilTimeout
                0x080054b0       0xb2 CMakeFiles/Project10_19.dir/Drivers/STM32F1xx_HAL_Driver/Src/stm32f1xx_hal_uart.c.obj
 .text.UART_Start_Receive_IT
                0x08005562       0x72 CMakeFiles/Project10_19.dir/Drivers/STM32F1xx_HAL_Driver/Src/stm32f1xx_hal_uart.c.obj
                0x08005562                UART_Start_Receive_IT
 .text.UART_EndRxTransfer
                0x080055d4       0xc4 CMakeFiles/Project10_19.dir/Drivers/STM32F1xx_HAL_Driver/Src/stm32f1xx_hal_uart.c.obj
 .text.UART_DMAAbortOnError
                0x08005698       0x28 CMakeFiles/Project10_19.dir/Drivers/STM32F1xx_HAL_Driver/Src/stm32f1xx_hal_uart.c.obj
 .text.UART_Transmit_IT
                0x080056c0       0x9e CMakeFiles/Project10_19.dir/Drivers/STM32F1xx_HAL_Driver/Src/stm32f1xx_hal_uart.c.obj
 .text.UART_EndTransmit_IT
                0x0800575e       0x30 CMakeFiles/Project10_19.dir/Drivers/STM32F1xx_HAL_Driver/Src/stm32f1xx_hal_uart.c.obj
 .text.UART_Receive_IT
                0x0800578e      0x17c CMakeFiles/Project10_19.dir/Drivers/STM32F1xx_HAL_Driver/Src/stm32f1xx_hal_uart.c.obj
 *fill*         0x0800590a        0x2 
 .text.UART_SetConfig
                0x0800590c      0x11c CMakeFiles/Project10_19.dir/Drivers/STM32F1xx_HAL_Driver/Src/stm32f1xx_hal_uart.c.obj
 .text.SystemInit
                0x08005a28        0xc CMakeFiles/Project10_19.dir/Core/Src/system_stm32f1xx.c.obj
                0x08005a28                SystemInit
 .text.Reset_Handler
                0x08005a34       0x48 CMakeFiles/Project10_19.dir/startup_stm32f103xe.s.obj
                0x08005a34                Reset_Handler
 .text.Default_Handler
                0x08005a7c        0x2 CMakeFiles/Project10_19.dir/startup_stm32f103xe.s.obj
                0x08005a7c                RTC_Alarm_IRQHandler
                0x08005a7c                EXTI2_IRQHandler
                0x08005a7c                TIM8_TRG_COM_IRQHandler
                0x08005a7c                TIM8_CC_IRQHandler
                0x08005a7c                TIM1_CC_IRQHandler
                0x08005a7c                TIM6_IRQHandler
                0x08005a7c                PVD_IRQHandler
                0x08005a7c                SDIO_IRQHandler
                0x08005a7c                EXTI3_IRQHandler
                0x08005a7c                EXTI0_IRQHandler
                0x08005a7c                I2C2_EV_IRQHandler
                0x08005a7c                ADC1_2_IRQHandler
                0x08005a7c                SPI1_IRQHandler
                0x08005a7c                TAMPER_IRQHandler
                0x08005a7c                TIM8_UP_IRQHandler
                0x08005a7c                DMA2_Channel2_IRQHandler
                0x08005a7c                DMA1_Channel4_IRQHandler
                0x08005a7c                USART3_IRQHandler
                0x08005a7c                RTC_IRQHandler
                0x08005a7c                DMA1_Channel7_IRQHandler
                0x08005a7c                CAN1_RX1_IRQHandler
                0x08005a7c                UART5_IRQHandler
                0x08005a7c                ADC3_IRQHandler
                0x08005a7c                TIM4_IRQHandler
                0x08005a7c                DMA2_Channel1_IRQHandler
                0x08005a7c                I2C1_EV_IRQHandler
                0x08005a7c                DMA1_Channel6_IRQHandler
                0x08005a7c                UART4_IRQHandler
                0x08005a7c                TIM3_IRQHandler
                0x08005a7c                RCC_IRQHandler
                0x08005a7c                TIM1_TRG_COM_IRQHandler
                0x08005a7c                DMA1_Channel1_IRQHandler
                0x08005a7c                Default_Handler
                0x08005a7c                EXTI15_10_IRQHandler
                0x08005a7c                TIM5_IRQHandler
                0x08005a7c                EXTI9_5_IRQHandler
                0x08005a7c                SPI2_IRQHandler
                0x08005a7c                DMA1_Channel5_IRQHandler
                0x08005a7c                EXTI4_IRQHandler
                0x08005a7c                USB_LP_CAN1_RX0_IRQHandler
                0x08005a7c                USB_HP_CAN1_TX_IRQHandler
                0x08005a7c                DMA1_Channel3_IRQHandler
                0x08005a7c                FSMC_IRQHandler
                0x08005a7c                TIM1_UP_IRQHandler
                0x08005a7c                WWDG_IRQHandler
                0x08005a7c                TIM2_IRQHandler
                0x08005a7c                TIM1_BRK_IRQHandler
                0x08005a7c                EXTI1_IRQHandler
                0x08005a7c                DMA2_Channel4_5_IRQHandler
                0x08005a7c                USART2_IRQHandler
                0x08005a7c                I2C2_ER_IRQHandler
                0x08005a7c                DMA1_Channel2_IRQHandler
                0x08005a7c                TIM8_BRK_IRQHandler
                0x08005a7c                CAN1_SCE_IRQHandler
                0x08005a7c                FLASH_IRQHandler
                0x08005a7c                SPI3_IRQHandler
                0x08005a7c                I2C1_ER_IRQHandler
                0x08005a7c                USBWakeUp_IRQHandler
                0x08005a7c                DMA2_Channel3_IRQHandler
 *(.glue_7)
 .glue_7        0x08005a7e        0x0 linker stubs
 *(.glue_7t)
 .glue_7t       0x08005a7e        0x0 linker stubs
 *(.eh_frame)
 *fill*         0x08005a7e        0x2 
 .eh_frame      0x08005a80        0x0 d:/envs/c++/arm/10 2021.10/bin/../lib/gcc/arm-none-eabi/10.3.1/thumb/v7-m/nofp/crtbegin.o
 *(.init)
 .init          0x08005a80        0x4 d:/envs/c++/arm/10 2021.10/bin/../lib/gcc/arm-none-eabi/10.3.1/thumb/v7-m/nofp/crti.o
                0x08005a80                _init
 .init          0x08005a84        0x8 d:/envs/c++/arm/10 2021.10/bin/../lib/gcc/arm-none-eabi/10.3.1/thumb/v7-m/nofp/crtn.o
 *(.fini)
 .fini          0x08005a8c        0x4 d:/envs/c++/arm/10 2021.10/bin/../lib/gcc/arm-none-eabi/10.3.1/thumb/v7-m/nofp/crti.o
                0x08005a8c                _fini
 .fini          0x08005a90        0x8 d:/envs/c++/arm/10 2021.10/bin/../lib/gcc/arm-none-eabi/10.3.1/thumb/v7-m/nofp/crtn.o
                0x08005a98                . = ALIGN (0x4)
                0x08005a98                _etext = .

.vfp11_veneer   0x08005a98        0x0
 .vfp11_veneer  0x08005a98        0x0 linker stubs

.v4_bx          0x08005a98        0x0
 .v4_bx         0x08005a98        0x0 linker stubs

.iplt           0x08005a98        0x0
 .iplt          0x08005a98        0x0 d:/envs/c++/arm/10 2021.10/bin/../lib/gcc/arm-none-eabi/10.3.1/thumb/v7-m/nofp/crtbegin.o

.rodata         0x08005a98      0x888
                0x08005a98                . = ALIGN (0x4)
 *(.rodata)
 .rodata        0x08005a98       0x2d CMakeFiles/Project10_19.dir/Core/Src/main.c.obj
 *fill*         0x08005ac5        0x3 
 .rodata        0x08005ac8        0xd CMakeFiles/Project10_19.dir/Core/Src/usart.c.obj
 *(.rodata*)
 *fill*         0x08005ad5        0x3 
 .rodata.F6x8   0x08005ad8      0x228 CMakeFiles/Project10_19.dir/Core/App/oledfont.c.obj
                0x08005ad8                F6x8
 .rodata.F8X16  0x08005d00      0x5e0 CMakeFiles/Project10_19.dir/Core/App/oledfont.c.obj
                0x08005d00                F8X16
 .rodata.aPLLMULFactorTable.1
                0x080062e0       0x10 CMakeFiles/Project10_19.dir/Drivers/STM32F1xx_HAL_Driver/Src/stm32f1xx_hal_rcc.c.obj
 .rodata.aPredivFactorTable.0
                0x080062f0        0x2 CMakeFiles/Project10_19.dir/Drivers/STM32F1xx_HAL_Driver/Src/stm32f1xx_hal_rcc.c.obj
 *fill*         0x080062f2        0x2 
 .rodata.aPLLMULFactorTable.1
                0x080062f4       0x10 CMakeFiles/Project10_19.dir/Drivers/STM32F1xx_HAL_Driver/Src/stm32f1xx_hal_rcc_ex.c.obj
 .rodata.aPredivFactorTable.0
                0x08006304        0x2 CMakeFiles/Project10_19.dir/Drivers/STM32F1xx_HAL_Driver/Src/stm32f1xx_hal_rcc_ex.c.obj
 *fill*         0x08006306        0x2 
 .rodata.AHBPrescTable
                0x08006308       0x10 CMakeFiles/Project10_19.dir/Core/Src/system_stm32f1xx.c.obj
                0x08006308                AHBPrescTable
 .rodata.APBPrescTable
                0x08006318        0x8 CMakeFiles/Project10_19.dir/Core/Src/system_stm32f1xx.c.obj
                0x08006318                APBPrescTable
                0x08006320                . = ALIGN (0x4)

.rel.dyn        0x08006320        0x0
 .rel.iplt      0x08006320        0x0 d:/envs/c++/arm/10 2021.10/bin/../lib/gcc/arm-none-eabi/10.3.1/thumb/v7-m/nofp/crtbegin.o

.ARM.extab
 *(.ARM.extab* .gnu.linkonce.armextab.*)

.ARM            0x08006320        0x0
                0x08006320                __exidx_start = .
 *(.ARM.exidx*)
                0x08006320                __exidx_end = .

.preinit_array  0x08006320        0x0
                0x08006320                PROVIDE (__preinit_array_start = .)
 *(.preinit_array*)
                0x08006320                PROVIDE (__preinit_array_end = .)

.init_array     0x08006320        0x4
                0x08006320                PROVIDE (__init_array_start = .)
 *(SORT_BY_NAME(.init_array.*))
 *(.init_array*)
 .init_array    0x08006320        0x4 d:/envs/c++/arm/10 2021.10/bin/../lib/gcc/arm-none-eabi/10.3.1/thumb/v7-m/nofp/crtbegin.o
                0x08006324                PROVIDE (__init_array_end = .)

.fini_array     0x08006324        0x4
                [!provide]                PROVIDE (__fini_array_start = .)
 *(SORT_BY_NAME(.fini_array.*))
 *(.fini_array*)
 .fini_array    0x08006324        0x4 d:/envs/c++/arm/10 2021.10/bin/../lib/gcc/arm-none-eabi/10.3.1/thumb/v7-m/nofp/crtbegin.o
                [!provide]                PROVIDE (__fini_array_end = .)
                0x08006328                _sidata = LOADADDR (.data)

.data           0x20000000       0x24 load address 0x08006328
                0x20000000                . = ALIGN (0x4)
                0x20000000                _sdata = .
 *(.data)
 *(.data*)
 .data.CMD_Data
                0x20000000       0x17 CMakeFiles/Project10_19.dir/Core/App/OLED.c.obj
                0x20000000                CMD_Data
 *fill*         0x20000017        0x1 
 .data.uwTickPrio
                0x20000018        0x4 CMakeFiles/Project10_19.dir/Drivers/STM32F1xx_HAL_Driver/Src/stm32f1xx_hal.c.obj
                0x20000018                uwTickPrio
 .data.uwTickFreq
                0x2000001c        0x1 CMakeFiles/Project10_19.dir/Drivers/STM32F1xx_HAL_Driver/Src/stm32f1xx_hal.c.obj
                0x2000001c                uwTickFreq
 *fill*         0x2000001d        0x3 
 .data.SystemCoreClock
                0x20000020        0x4 CMakeFiles/Project10_19.dir/Core/Src/system_stm32f1xx.c.obj
                0x20000020                SystemCoreClock
                0x20000024                . = ALIGN (0x4)
                0x20000024                _edata = .

.igot.plt       0x20000024        0x0 load address 0x0800634c
 .igot.plt      0x20000024        0x0 d:/envs/c++/arm/10 2021.10/bin/../lib/gcc/arm-none-eabi/10.3.1/thumb/v7-m/nofp/crtbegin.o
                0x20000024                . = ALIGN (0x4)

.bss            0x20000024      0x24c load address 0x0800634c
                0x20000024                _sbss = .
                0x20000024                __bss_start__ = _sbss
 *(.bss)
 .bss           0x20000024       0x1c d:/envs/c++/arm/10 2021.10/bin/../lib/gcc/arm-none-eabi/10.3.1/thumb/v7-m/nofp/crtbegin.o
 *(.bss*)
 .bss.data      0x20000040        0x5 CMakeFiles/Project10_19.dir/Core/App/DHT11.c.obj
                0x20000040                data
 *fill*         0x20000045        0x3 
 .bss.Humi      0x20000048        0x4 CMakeFiles/Project10_19.dir/Core/Src/main.c.obj
                0x20000048                Humi
 .bss.Temp      0x2000004c        0x4 CMakeFiles/Project10_19.dir/Core/Src/main.c.obj
                0x2000004c                Temp
 .bss.ADC_Value
                0x20000050        0x2 CMakeFiles/Project10_19.dir/Core/Src/main.c.obj
                0x20000050                ADC_Value
 *fill*         0x20000052        0x2 
 .bss.hadc1     0x20000054       0x30 CMakeFiles/Project10_19.dir/Core/Src/adc.c.obj
                0x20000054                hadc1
 .bss.hi2c1     0x20000084       0x54 CMakeFiles/Project10_19.dir/Core/Src/i2c.c.obj
                0x20000084                hi2c1
 .bss.htim7     0x200000d8       0x48 CMakeFiles/Project10_19.dir/Core/Src/tim.c.obj
                0x200000d8                htim7
 .bss.RxBuffer  0x20000120      0x100 CMakeFiles/Project10_19.dir/Core/Src/usart.c.obj
                0x20000120                RxBuffer
 .bss.aRxBuffer
                0x20000220        0x1 CMakeFiles/Project10_19.dir/Core/Src/usart.c.obj
                0x20000220                aRxBuffer
 .bss.Uart1_Rx_Cnt
                0x20000221        0x1 CMakeFiles/Project10_19.dir/Core/Src/usart.c.obj
                0x20000221                Uart1_Rx_Cnt
 *fill*         0x20000222        0x2 
 .bss.huart1    0x20000224       0x48 CMakeFiles/Project10_19.dir/Core/Src/usart.c.obj
                0x20000224                huart1
 .bss.uwTick    0x2000026c        0x4 CMakeFiles/Project10_19.dir/Drivers/STM32F1xx_HAL_Driver/Src/stm32f1xx_hal.c.obj
                0x2000026c                uwTick
 *(COMMON)
                0x20000270                . = ALIGN (0x4)
                0x20000270                _ebss = .
                0x20000270                __bss_end__ = _ebss

._user_heap_stack
                0x20000270      0x600 load address 0x0800634c
                0x20000270                . = ALIGN (0x8)
                [!provide]                PROVIDE (end = .)
                0x20000270                PROVIDE (_end = .)
                0x20000470                . = (. + _Min_Heap_Size)
 *fill*         0x20000270      0x200 
                0x20000870                . = (. + _Min_Stack_Size)
 *fill*         0x20000470      0x400 
                0x20000870                . = ALIGN (0x8)

/DISCARD/
 libc.a(*)
 libm.a(*)
 libgcc.a(*)

.ARM.attributes
                0x00000000       0x29
 *(.ARM.attributes)
 .ARM.attributes
                0x00000000       0x1d d:/envs/c++/arm/10 2021.10/bin/../lib/gcc/arm-none-eabi/10.3.1/thumb/v7-m/nofp/crti.o
 .ARM.attributes
                0x0000001d       0x2d d:/envs/c++/arm/10 2021.10/bin/../lib/gcc/arm-none-eabi/10.3.1/thumb/v7-m/nofp/crtbegin.o
 .ARM.attributes
                0x0000004a       0x2d d:/envs/c++/arm/10 2021.10/bin/../lib/gcc/arm-none-eabi/10.3.1/../../../../arm-none-eabi/lib/thumb/v7-m/nofp\libc_nano.a(lib_a-init.o)
 .ARM.attributes
                0x00000077       0x2d d:/envs/c++/arm/10 2021.10/bin/../lib/gcc/arm-none-eabi/10.3.1/../../../../arm-none-eabi/lib/thumb/v7-m/nofp\libc_nano.a(lib_a-memset.o)
 .ARM.attributes
                0x000000a4       0x2d CMakeFiles/Project10_19.dir/Core/App/DHT11.c.obj
 .ARM.attributes
                0x000000d1       0x2d CMakeFiles/Project10_19.dir/Core/App/OLED.c.obj
 .ARM.attributes
                0x000000fe       0x2d CMakeFiles/Project10_19.dir/Core/App/oledfont.c.obj
 .ARM.attributes
                0x0000012b       0x2d CMakeFiles/Project10_19.dir/Core/Src/main.c.obj
 .ARM.attributes
                0x00000158       0x2d CMakeFiles/Project10_19.dir/Core/Src/gpio.c.obj
 .ARM.attributes
                0x00000185       0x2d CMakeFiles/Project10_19.dir/Core/Src/adc.c.obj
 .ARM.attributes
                0x000001b2       0x2d CMakeFiles/Project10_19.dir/Core/Src/i2c.c.obj
 .ARM.attributes
                0x000001df       0x2d CMakeFiles/Project10_19.dir/Core/Src/tim.c.obj
 .ARM.attributes
                0x0000020c       0x2d CMakeFiles/Project10_19.dir/Core/Src/usart.c.obj
 .ARM.attributes
                0x00000239       0x2d CMakeFiles/Project10_19.dir/Core/Src/stm32f1xx_it.c.obj
 .ARM.attributes
                0x00000266       0x2d CMakeFiles/Project10_19.dir/Core/Src/stm32f1xx_hal_msp.c.obj
 .ARM.attributes
                0x00000293       0x2d CMakeFiles/Project10_19.dir/Drivers/STM32F1xx_HAL_Driver/Src/stm32f1xx_hal_adc.c.obj
 .ARM.attributes
                0x000002c0       0x2d CMakeFiles/Project10_19.dir/Drivers/STM32F1xx_HAL_Driver/Src/stm32f1xx_hal_adc_ex.c.obj
 .ARM.attributes
                0x000002ed       0x2d CMakeFiles/Project10_19.dir/Drivers/STM32F1xx_HAL_Driver/Src/stm32f1xx_hal.c.obj
 .ARM.attributes
                0x0000031a       0x2d CMakeFiles/Project10_19.dir/Drivers/STM32F1xx_HAL_Driver/Src/stm32f1xx_hal_rcc.c.obj
 .ARM.attributes
                0x00000347       0x2d CMakeFiles/Project10_19.dir/Drivers/STM32F1xx_HAL_Driver/Src/stm32f1xx_hal_rcc_ex.c.obj
 .ARM.attributes
                0x00000374       0x2d CMakeFiles/Project10_19.dir/Drivers/STM32F1xx_HAL_Driver/Src/stm32f1xx_hal_gpio.c.obj
 .ARM.attributes
                0x000003a1       0x2d CMakeFiles/Project10_19.dir/Drivers/STM32F1xx_HAL_Driver/Src/stm32f1xx_hal_dma.c.obj
 .ARM.attributes
                0x000003ce       0x2d CMakeFiles/Project10_19.dir/Drivers/STM32F1xx_HAL_Driver/Src/stm32f1xx_hal_cortex.c.obj
 .ARM.attributes
                0x000003fb       0x2d CMakeFiles/Project10_19.dir/Drivers/STM32F1xx_HAL_Driver/Src/stm32f1xx_hal_i2c.c.obj
 .ARM.attributes
                0x00000428       0x2d CMakeFiles/Project10_19.dir/Drivers/STM32F1xx_HAL_Driver/Src/stm32f1xx_hal_tim.c.obj
 .ARM.attributes
                0x00000455       0x2d CMakeFiles/Project10_19.dir/Drivers/STM32F1xx_HAL_Driver/Src/stm32f1xx_hal_tim_ex.c.obj
 .ARM.attributes
                0x00000482       0x2d CMakeFiles/Project10_19.dir/Drivers/STM32F1xx_HAL_Driver/Src/stm32f1xx_hal_uart.c.obj
 .ARM.attributes
                0x000004af       0x2d CMakeFiles/Project10_19.dir/Core/Src/system_stm32f1xx.c.obj
 .ARM.attributes
                0x000004dc       0x21 CMakeFiles/Project10_19.dir/startup_stm32f103xe.s.obj
 .ARM.attributes
                0x000004fd       0x1d d:/envs/c++/arm/10 2021.10/bin/../lib/gcc/arm-none-eabi/10.3.1/thumb/v7-m/nofp\libgcc.a(_arm_mulsf3.o)
 .ARM.attributes
                0x0000051a       0x1d d:/envs/c++/arm/10 2021.10/bin/../lib/gcc/arm-none-eabi/10.3.1/thumb/v7-m/nofp\libgcc.a(_arm_addsubdf3.o)
 .ARM.attributes
                0x00000537       0x1d d:/envs/c++/arm/10 2021.10/bin/../lib/gcc/arm-none-eabi/10.3.1/thumb/v7-m/nofp\libgcc.a(_arm_muldivdf3.o)
 .ARM.attributes
                0x00000554       0x1d d:/envs/c++/arm/10 2021.10/bin/../lib/gcc/arm-none-eabi/10.3.1/thumb/v7-m/nofp\libgcc.a(_arm_truncdfsf2.o)
 .ARM.attributes
                0x00000571       0x1d d:/envs/c++/arm/10 2021.10/bin/../lib/gcc/arm-none-eabi/10.3.1/thumb/v7-m/nofp\libgcc.a(_arm_addsubsf3.o)
 .ARM.attributes
                0x0000058e       0x1d d:/envs/c++/arm/10 2021.10/bin/../lib/gcc/arm-none-eabi/10.3.1/thumb/v7-m/nofp\libgcc.a(_arm_fixunssfsi.o)
 .ARM.attributes
                0x000005ab       0x1d d:/envs/c++/arm/10 2021.10/bin/../lib/gcc/arm-none-eabi/10.3.1/thumb/v7-m/nofp/crtn.o
OUTPUT(Project10_19.elf elf32-littlearm)
LOAD linker stubs
LOAD d:/envs/c++/arm/10 2021.10/bin/../lib/gcc/arm-none-eabi/10.3.1/../../../../arm-none-eabi/lib/thumb/v7-m/nofp\libc.a
LOAD d:/envs/c++/arm/10 2021.10/bin/../lib/gcc/arm-none-eabi/10.3.1/../../../../arm-none-eabi/lib/thumb/v7-m/nofp\libm.a
LOAD d:/envs/c++/arm/10 2021.10/bin/../lib/gcc/arm-none-eabi/10.3.1/thumb/v7-m/nofp\libgcc.a

.debug_frame    0x00000000     0x4bdc
 .debug_frame   0x00000000       0x2c d:/envs/c++/arm/10 2021.10/bin/../lib/gcc/arm-none-eabi/10.3.1/../../../../arm-none-eabi/lib/thumb/v7-m/nofp\libc_nano.a(lib_a-init.o)
 .debug_frame   0x0000002c       0x20 d:/envs/c++/arm/10 2021.10/bin/../lib/gcc/arm-none-eabi/10.3.1/../../../../arm-none-eabi/lib/thumb/v7-m/nofp\libc_nano.a(lib_a-memset.o)
 .debug_frame   0x0000004c      0x100 CMakeFiles/Project10_19.dir/Core/App/DHT11.c.obj
 .debug_frame   0x0000014c      0x2ec CMakeFiles/Project10_19.dir/Core/App/OLED.c.obj
 .debug_frame   0x00000438       0xb4 CMakeFiles/Project10_19.dir/Core/Src/main.c.obj
 .debug_frame   0x000004ec       0x34 CMakeFiles/Project10_19.dir/Core/Src/gpio.c.obj
 .debug_frame   0x00000520       0x7c CMakeFiles/Project10_19.dir/Core/Src/adc.c.obj
 .debug_frame   0x0000059c       0x74 CMakeFiles/Project10_19.dir/Core/Src/i2c.c.obj
 .debug_frame   0x00000610       0x7c CMakeFiles/Project10_19.dir/Core/Src/tim.c.obj
 .debug_frame   0x0000068c       0xc0 CMakeFiles/Project10_19.dir/Core/Src/usart.c.obj
 .debug_frame   0x0000074c      0x13c CMakeFiles/Project10_19.dir/Core/Src/stm32f1xx_it.c.obj
 .debug_frame   0x00000888       0x38 CMakeFiles/Project10_19.dir/Core/Src/stm32f1xx_hal_msp.c.obj
 .debug_frame   0x000008c0      0x40c CMakeFiles/Project10_19.dir/Drivers/STM32F1xx_HAL_Driver/Src/stm32f1xx_hal_adc.c.obj
 .debug_frame   0x00000ccc      0x200 CMakeFiles/Project10_19.dir/Drivers/STM32F1xx_HAL_Driver/Src/stm32f1xx_hal_adc_ex.c.obj
 .debug_frame   0x00000ecc      0x334 CMakeFiles/Project10_19.dir/Drivers/STM32F1xx_HAL_Driver/Src/stm32f1xx_hal.c.obj
 .debug_frame   0x00001200      0x218 CMakeFiles/Project10_19.dir/Drivers/STM32F1xx_HAL_Driver/Src/stm32f1xx_hal_rcc.c.obj
 .debug_frame   0x00001418       0x80 CMakeFiles/Project10_19.dir/Drivers/STM32F1xx_HAL_Driver/Src/stm32f1xx_hal_rcc_ex.c.obj
 .debug_frame   0x00001498      0x14c CMakeFiles/Project10_19.dir/Drivers/STM32F1xx_HAL_Driver/Src/stm32f1xx_hal_gpio.c.obj
 .debug_frame   0x000015e4      0x20c CMakeFiles/Project10_19.dir/Drivers/STM32F1xx_HAL_Driver/Src/stm32f1xx_hal_dma.c.obj
 .debug_frame   0x000017f0      0x428 CMakeFiles/Project10_19.dir/Drivers/STM32F1xx_HAL_Driver/Src/stm32f1xx_hal_cortex.c.obj
 .debug_frame   0x00001c18      0xc84 CMakeFiles/Project10_19.dir/Drivers/STM32F1xx_HAL_Driver/Src/stm32f1xx_hal_i2c.c.obj
 .debug_frame   0x0000289c     0x11b8 CMakeFiles/Project10_19.dir/Drivers/STM32F1xx_HAL_Driver/Src/stm32f1xx_hal_tim.c.obj
 .debug_frame   0x00003a54      0x638 CMakeFiles/Project10_19.dir/Drivers/STM32F1xx_HAL_Driver/Src/stm32f1xx_hal_tim_ex.c.obj
 .debug_frame   0x0000408c      0x944 CMakeFiles/Project10_19.dir/Drivers/STM32F1xx_HAL_Driver/Src/stm32f1xx_hal_uart.c.obj
 .debug_frame   0x000049d0       0x58 CMakeFiles/Project10_19.dir/Core/Src/system_stm32f1xx.c.obj
 .debug_frame   0x00004a28       0x24 d:/envs/c++/arm/10 2021.10/bin/../lib/gcc/arm-none-eabi/10.3.1/thumb/v7-m/nofp\libgcc.a(_arm_mulsf3.o)
 .debug_frame   0x00004a4c       0xac d:/envs/c++/arm/10 2021.10/bin/../lib/gcc/arm-none-eabi/10.3.1/thumb/v7-m/nofp\libgcc.a(_arm_addsubdf3.o)
 .debug_frame   0x00004af8       0x50 d:/envs/c++/arm/10 2021.10/bin/../lib/gcc/arm-none-eabi/10.3.1/thumb/v7-m/nofp\libgcc.a(_arm_muldivdf3.o)
 .debug_frame   0x00004b48       0x24 d:/envs/c++/arm/10 2021.10/bin/../lib/gcc/arm-none-eabi/10.3.1/thumb/v7-m/nofp\libgcc.a(_arm_truncdfsf2.o)
 .debug_frame   0x00004b6c       0x4c d:/envs/c++/arm/10 2021.10/bin/../lib/gcc/arm-none-eabi/10.3.1/thumb/v7-m/nofp\libgcc.a(_arm_addsubsf3.o)
 .debug_frame   0x00004bb8       0x24 d:/envs/c++/arm/10 2021.10/bin/../lib/gcc/arm-none-eabi/10.3.1/thumb/v7-m/nofp\libgcc.a(_arm_fixunssfsi.o)

.debug_info     0x00000000    0x12d6c
 .debug_info    0x00000000      0x3b7 CMakeFiles/Project10_19.dir/Core/App/DHT11.c.obj
 .debug_info    0x000003b7      0xbfa CMakeFiles/Project10_19.dir/Core/App/OLED.c.obj
 .debug_info    0x00000fb1      0x150 CMakeFiles/Project10_19.dir/Core/App/oledfont.c.obj
 .debug_info    0x00001101      0xe61 CMakeFiles/Project10_19.dir/Core/Src/main.c.obj
 .debug_info    0x00001f62      0x2ce CMakeFiles/Project10_19.dir/Core/Src/gpio.c.obj
 .debug_info    0x00002230      0x7ab CMakeFiles/Project10_19.dir/Core/Src/adc.c.obj
 .debug_info    0x000029db      0x809 CMakeFiles/Project10_19.dir/Core/Src/i2c.c.obj
 .debug_info    0x000031e4      0x969 CMakeFiles/Project10_19.dir/Core/Src/tim.c.obj
 .debug_info    0x00003b4d      0xa67 CMakeFiles/Project10_19.dir/Core/Src/usart.c.obj
 .debug_info    0x000045b4      0x98a CMakeFiles/Project10_19.dir/Core/Src/stm32f1xx_it.c.obj
 .debug_info    0x00004f3e      0x21e CMakeFiles/Project10_19.dir/Core/Src/stm32f1xx_hal_msp.c.obj
 .debug_info    0x0000515c      0xc8a CMakeFiles/Project10_19.dir/Drivers/STM32F1xx_HAL_Driver/Src/stm32f1xx_hal_adc.c.obj
 .debug_info    0x00005de6      0x9cc CMakeFiles/Project10_19.dir/Drivers/STM32F1xx_HAL_Driver/Src/stm32f1xx_hal_adc_ex.c.obj
 .debug_info    0x000067b2      0x747 CMakeFiles/Project10_19.dir/Drivers/STM32F1xx_HAL_Driver/Src/stm32f1xx_hal.c.obj
 .debug_info    0x00006ef9      0x81e CMakeFiles/Project10_19.dir/Drivers/STM32F1xx_HAL_Driver/Src/stm32f1xx_hal_rcc.c.obj
 .debug_info    0x00007717      0x3e8 CMakeFiles/Project10_19.dir/Drivers/STM32F1xx_HAL_Driver/Src/stm32f1xx_hal_rcc_ex.c.obj
 .debug_info    0x00007aff      0x615 CMakeFiles/Project10_19.dir/Drivers/STM32F1xx_HAL_Driver/Src/stm32f1xx_hal_gpio.c.obj
 .debug_info    0x00008114      0x737 CMakeFiles/Project10_19.dir/Drivers/STM32F1xx_HAL_Driver/Src/stm32f1xx_hal_dma.c.obj
 .debug_info    0x0000884b      0xb86 CMakeFiles/Project10_19.dir/Drivers/STM32F1xx_HAL_Driver/Src/stm32f1xx_hal_cortex.c.obj
 .debug_info    0x000093d1     0x2703 CMakeFiles/Project10_19.dir/Drivers/STM32F1xx_HAL_Driver/Src/stm32f1xx_hal_i2c.c.obj
 .debug_info    0x0000bad4     0x2b46 CMakeFiles/Project10_19.dir/Drivers/STM32F1xx_HAL_Driver/Src/stm32f1xx_hal_tim.c.obj
 .debug_info    0x0000e61a     0x1493 CMakeFiles/Project10_19.dir/Drivers/STM32F1xx_HAL_Driver/Src/stm32f1xx_hal_tim_ex.c.obj
 .debug_info    0x0000faad     0x3060 CMakeFiles/Project10_19.dir/Drivers/STM32F1xx_HAL_Driver/Src/stm32f1xx_hal_uart.c.obj
 .debug_info    0x00012b0d      0x23d CMakeFiles/Project10_19.dir/Core/Src/system_stm32f1xx.c.obj
 .debug_info    0x00012d4a       0x22 CMakeFiles/Project10_19.dir/startup_stm32f103xe.s.obj

.debug_abbrev   0x00000000     0x2b7c
 .debug_abbrev  0x00000000      0x1d6 CMakeFiles/Project10_19.dir/Core/App/DHT11.c.obj
 .debug_abbrev  0x000001d6      0x259 CMakeFiles/Project10_19.dir/Core/App/OLED.c.obj
 .debug_abbrev  0x0000042f       0x7c CMakeFiles/Project10_19.dir/Core/App/oledfont.c.obj
 .debug_abbrev  0x000004ab      0x21d CMakeFiles/Project10_19.dir/Core/Src/main.c.obj
 .debug_abbrev  0x000006c8      0x10f CMakeFiles/Project10_19.dir/Core/Src/gpio.c.obj
 .debug_abbrev  0x000007d7      0x18f CMakeFiles/Project10_19.dir/Core/Src/adc.c.obj
 .debug_abbrev  0x00000966      0x18f CMakeFiles/Project10_19.dir/Core/Src/i2c.c.obj
 .debug_abbrev  0x00000af5      0x1a1 CMakeFiles/Project10_19.dir/Core/Src/tim.c.obj
 .debug_abbrev  0x00000c96      0x1f3 CMakeFiles/Project10_19.dir/Core/Src/usart.c.obj
 .debug_abbrev  0x00000e89      0x163 CMakeFiles/Project10_19.dir/Core/Src/stm32f1xx_it.c.obj
 .debug_abbrev  0x00000fec       0xd4 CMakeFiles/Project10_19.dir/Core/Src/stm32f1xx_hal_msp.c.obj
 .debug_abbrev  0x000010c0      0x1cf CMakeFiles/Project10_19.dir/Drivers/STM32F1xx_HAL_Driver/Src/stm32f1xx_hal_adc.c.obj
 .debug_abbrev  0x0000128f      0x1f3 CMakeFiles/Project10_19.dir/Drivers/STM32F1xx_HAL_Driver/Src/stm32f1xx_hal_adc_ex.c.obj
 .debug_abbrev  0x00001482      0x1c8 CMakeFiles/Project10_19.dir/Drivers/STM32F1xx_HAL_Driver/Src/stm32f1xx_hal.c.obj
 .debug_abbrev  0x0000164a      0x260 CMakeFiles/Project10_19.dir/Drivers/STM32F1xx_HAL_Driver/Src/stm32f1xx_hal_rcc.c.obj
 .debug_abbrev  0x000018aa      0x16d CMakeFiles/Project10_19.dir/Drivers/STM32F1xx_HAL_Driver/Src/stm32f1xx_hal_rcc_ex.c.obj
 .debug_abbrev  0x00001a17      0x1bb CMakeFiles/Project10_19.dir/Drivers/STM32F1xx_HAL_Driver/Src/stm32f1xx_hal_gpio.c.obj
 .debug_abbrev  0x00001bd2      0x1e9 CMakeFiles/Project10_19.dir/Drivers/STM32F1xx_HAL_Driver/Src/stm32f1xx_hal_dma.c.obj
 .debug_abbrev  0x00001dbb      0x2ed CMakeFiles/Project10_19.dir/Drivers/STM32F1xx_HAL_Driver/Src/stm32f1xx_hal_cortex.c.obj
 .debug_abbrev  0x000020a8      0x25c CMakeFiles/Project10_19.dir/Drivers/STM32F1xx_HAL_Driver/Src/stm32f1xx_hal_i2c.c.obj
 .debug_abbrev  0x00002304      0x238 CMakeFiles/Project10_19.dir/Drivers/STM32F1xx_HAL_Driver/Src/stm32f1xx_hal_tim.c.obj
 .debug_abbrev  0x0000253c      0x240 CMakeFiles/Project10_19.dir/Drivers/STM32F1xx_HAL_Driver/Src/stm32f1xx_hal_tim_ex.c.obj
 .debug_abbrev  0x0000277c      0x2b3 CMakeFiles/Project10_19.dir/Drivers/STM32F1xx_HAL_Driver/Src/stm32f1xx_hal_uart.c.obj
 .debug_abbrev  0x00002a2f      0x13b CMakeFiles/Project10_19.dir/Core/Src/system_stm32f1xx.c.obj
 .debug_abbrev  0x00002b6a       0x12 CMakeFiles/Project10_19.dir/startup_stm32f103xe.s.obj

.debug_aranges  0x00000000     0x1200
 .debug_aranges
                0x00000000       0x50 CMakeFiles/Project10_19.dir/Core/App/DHT11.c.obj
 .debug_aranges
                0x00000050       0xb8 CMakeFiles/Project10_19.dir/Core/App/OLED.c.obj
 .debug_aranges
                0x00000108       0x18 CMakeFiles/Project10_19.dir/Core/App/oledfont.c.obj
 .debug_aranges
                0x00000120       0x40 CMakeFiles/Project10_19.dir/Core/Src/main.c.obj
 .debug_aranges
                0x00000160       0x20 CMakeFiles/Project10_19.dir/Core/Src/gpio.c.obj
 .debug_aranges
                0x00000180       0x30 CMakeFiles/Project10_19.dir/Core/Src/adc.c.obj
 .debug_aranges
                0x000001b0       0x30 CMakeFiles/Project10_19.dir/Core/Src/i2c.c.obj
 .debug_aranges
                0x000001e0       0x30 CMakeFiles/Project10_19.dir/Core/Src/tim.c.obj
 .debug_aranges
                0x00000210       0x40 CMakeFiles/Project10_19.dir/Core/Src/usart.c.obj
 .debug_aranges
                0x00000250       0x70 CMakeFiles/Project10_19.dir/Core/Src/stm32f1xx_it.c.obj
 .debug_aranges
                0x000002c0       0x20 CMakeFiles/Project10_19.dir/Core/Src/stm32f1xx_hal_msp.c.obj
 .debug_aranges
                0x000002e0       0xf0 CMakeFiles/Project10_19.dir/Drivers/STM32F1xx_HAL_Driver/Src/stm32f1xx_hal_adc.c.obj
 .debug_aranges
                0x000003d0       0x80 CMakeFiles/Project10_19.dir/Drivers/STM32F1xx_HAL_Driver/Src/stm32f1xx_hal_adc_ex.c.obj
 .debug_aranges
                0x00000450       0xe0 CMakeFiles/Project10_19.dir/Drivers/STM32F1xx_HAL_Driver/Src/stm32f1xx_hal.c.obj
 .debug_aranges
                0x00000530       0x90 CMakeFiles/Project10_19.dir/Drivers/STM32F1xx_HAL_Driver/Src/stm32f1xx_hal_rcc.c.obj
 .debug_aranges
                0x000005c0       0x30 CMakeFiles/Project10_19.dir/Drivers/STM32F1xx_HAL_Driver/Src/stm32f1xx_hal_rcc_ex.c.obj
 .debug_aranges
                0x000005f0       0x58 CMakeFiles/Project10_19.dir/Drivers/STM32F1xx_HAL_Driver/Src/stm32f1xx_hal_gpio.c.obj
 .debug_aranges
                0x00000648       0x80 CMakeFiles/Project10_19.dir/Drivers/STM32F1xx_HAL_Driver/Src/stm32f1xx_hal_dma.c.obj
 .debug_aranges
                0x000006c8      0x100 CMakeFiles/Project10_19.dir/Drivers/STM32F1xx_HAL_Driver/Src/stm32f1xx_hal_cortex.c.obj
 .debug_aranges
                0x000007c8      0x2a8 CMakeFiles/Project10_19.dir/Drivers/STM32F1xx_HAL_Driver/Src/stm32f1xx_hal_i2c.c.obj
 .debug_aranges
                0x00000a70      0x3d0 CMakeFiles/Project10_19.dir/Drivers/STM32F1xx_HAL_Driver/Src/stm32f1xx_hal_tim.c.obj
 .debug_aranges
                0x00000e40      0x168 CMakeFiles/Project10_19.dir/Drivers/STM32F1xx_HAL_Driver/Src/stm32f1xx_hal_tim_ex.c.obj
 .debug_aranges
                0x00000fa8      0x208 CMakeFiles/Project10_19.dir/Drivers/STM32F1xx_HAL_Driver/Src/stm32f1xx_hal_uart.c.obj
 .debug_aranges
                0x000011b0       0x28 CMakeFiles/Project10_19.dir/Core/Src/system_stm32f1xx.c.obj
 .debug_aranges
                0x000011d8       0x28 CMakeFiles/Project10_19.dir/startup_stm32f103xe.s.obj

.debug_ranges   0x00000000     0x10b8
 .debug_ranges  0x00000000       0x40 CMakeFiles/Project10_19.dir/Core/App/DHT11.c.obj
 .debug_ranges  0x00000040       0xa8 CMakeFiles/Project10_19.dir/Core/App/OLED.c.obj
 .debug_ranges  0x000000e8       0x30 CMakeFiles/Project10_19.dir/Core/Src/main.c.obj
 .debug_ranges  0x00000118       0x10 CMakeFiles/Project10_19.dir/Core/Src/gpio.c.obj
 .debug_ranges  0x00000128       0x20 CMakeFiles/Project10_19.dir/Core/Src/adc.c.obj
 .debug_ranges  0x00000148       0x20 CMakeFiles/Project10_19.dir/Core/Src/i2c.c.obj
 .debug_ranges  0x00000168       0x20 CMakeFiles/Project10_19.dir/Core/Src/tim.c.obj
 .debug_ranges  0x00000188       0x30 CMakeFiles/Project10_19.dir/Core/Src/usart.c.obj
 .debug_ranges  0x000001b8       0x60 CMakeFiles/Project10_19.dir/Core/Src/stm32f1xx_it.c.obj
 .debug_ranges  0x00000218       0x10 CMakeFiles/Project10_19.dir/Core/Src/stm32f1xx_hal_msp.c.obj
 .debug_ranges  0x00000228       0xe0 CMakeFiles/Project10_19.dir/Drivers/STM32F1xx_HAL_Driver/Src/stm32f1xx_hal_adc.c.obj
 .debug_ranges  0x00000308       0x70 CMakeFiles/Project10_19.dir/Drivers/STM32F1xx_HAL_Driver/Src/stm32f1xx_hal_adc_ex.c.obj
 .debug_ranges  0x00000378       0xd0 CMakeFiles/Project10_19.dir/Drivers/STM32F1xx_HAL_Driver/Src/stm32f1xx_hal.c.obj
 .debug_ranges  0x00000448       0x80 CMakeFiles/Project10_19.dir/Drivers/STM32F1xx_HAL_Driver/Src/stm32f1xx_hal_rcc.c.obj
 .debug_ranges  0x000004c8       0x20 CMakeFiles/Project10_19.dir/Drivers/STM32F1xx_HAL_Driver/Src/stm32f1xx_hal_rcc_ex.c.obj
 .debug_ranges  0x000004e8       0x48 CMakeFiles/Project10_19.dir/Drivers/STM32F1xx_HAL_Driver/Src/stm32f1xx_hal_gpio.c.obj
 .debug_ranges  0x00000530       0x70 CMakeFiles/Project10_19.dir/Drivers/STM32F1xx_HAL_Driver/Src/stm32f1xx_hal_dma.c.obj
 .debug_ranges  0x000005a0       0xf0 CMakeFiles/Project10_19.dir/Drivers/STM32F1xx_HAL_Driver/Src/stm32f1xx_hal_cortex.c.obj
 .debug_ranges  0x00000690      0x2b0 CMakeFiles/Project10_19.dir/Drivers/STM32F1xx_HAL_Driver/Src/stm32f1xx_hal_i2c.c.obj
 .debug_ranges  0x00000940      0x3c0 CMakeFiles/Project10_19.dir/Drivers/STM32F1xx_HAL_Driver/Src/stm32f1xx_hal_tim.c.obj
 .debug_ranges  0x00000d00      0x158 CMakeFiles/Project10_19.dir/Drivers/STM32F1xx_HAL_Driver/Src/stm32f1xx_hal_tim_ex.c.obj
 .debug_ranges  0x00000e58      0x228 CMakeFiles/Project10_19.dir/Drivers/STM32F1xx_HAL_Driver/Src/stm32f1xx_hal_uart.c.obj
 .debug_ranges  0x00001080       0x18 CMakeFiles/Project10_19.dir/Core/Src/system_stm32f1xx.c.obj
 .debug_ranges  0x00001098       0x20 CMakeFiles/Project10_19.dir/startup_stm32f103xe.s.obj

.debug_macro    0x00000000    0x1b8ab
 .debug_macro   0x00000000      0x1e6 CMakeFiles/Project10_19.dir/Core/App/DHT11.c.obj
 .debug_macro   0x000001e6      0xa6c CMakeFiles/Project10_19.dir/Core/App/DHT11.c.obj
 .debug_macro   0x00000c52      0x227 CMakeFiles/Project10_19.dir/Core/App/DHT11.c.obj
 .debug_macro   0x00000e79       0x2e CMakeFiles/Project10_19.dir/Core/App/DHT11.c.obj
 .debug_macro   0x00000ea7       0x22 CMakeFiles/Project10_19.dir/Core/App/DHT11.c.obj
 .debug_macro   0x00000ec9       0x22 CMakeFiles/Project10_19.dir/Core/App/DHT11.c.obj
 .debug_macro   0x00000eeb       0x8e CMakeFiles/Project10_19.dir/Core/App/DHT11.c.obj
 .debug_macro   0x00000f79       0x51 CMakeFiles/Project10_19.dir/Core/App/DHT11.c.obj
 .debug_macro   0x00000fca      0x103 CMakeFiles/Project10_19.dir/Core/App/DHT11.c.obj
 .debug_macro   0x000010cd       0x6a CMakeFiles/Project10_19.dir/Core/App/DHT11.c.obj
 .debug_macro   0x00001137      0x1df CMakeFiles/Project10_19.dir/Core/App/DHT11.c.obj
 .debug_macro   0x00001316       0x1c CMakeFiles/Project10_19.dir/Core/App/DHT11.c.obj
 .debug_macro   0x00001332       0x22 CMakeFiles/Project10_19.dir/Core/App/DHT11.c.obj
 .debug_macro   0x00001354       0xbd CMakeFiles/Project10_19.dir/Core/App/DHT11.c.obj
 .debug_macro   0x00001411      0xd23 CMakeFiles/Project10_19.dir/Core/App/DHT11.c.obj
 .debug_macro   0x00002134     0xfd8c CMakeFiles/Project10_19.dir/Core/App/DHT11.c.obj
 .debug_macro   0x00011ec0       0x6d CMakeFiles/Project10_19.dir/Core/App/DHT11.c.obj
 .debug_macro   0x00011f2d     0x34a2 CMakeFiles/Project10_19.dir/Core/App/DHT11.c.obj
 .debug_macro   0x000153cf      0x174 CMakeFiles/Project10_19.dir/Core/App/DHT11.c.obj
 .debug_macro   0x00015543       0x5c CMakeFiles/Project10_19.dir/Core/App/DHT11.c.obj
 .debug_macro   0x0001559f      0x5bc CMakeFiles/Project10_19.dir/Core/App/DHT11.c.obj
 .debug_macro   0x00015b5b      0x4d5 CMakeFiles/Project10_19.dir/Core/App/DHT11.c.obj
 .debug_macro   0x00016030      0x1cb CMakeFiles/Project10_19.dir/Core/App/DHT11.c.obj
 .debug_macro   0x000161fb      0x114 CMakeFiles/Project10_19.dir/Core/App/DHT11.c.obj
 .debug_macro   0x0001630f      0x1ea CMakeFiles/Project10_19.dir/Core/App/DHT11.c.obj
 .debug_macro   0x000164f9       0x27 CMakeFiles/Project10_19.dir/Core/App/DHT11.c.obj
 .debug_macro   0x00016520      0x144 CMakeFiles/Project10_19.dir/Core/App/DHT11.c.obj
 .debug_macro   0x00016664      0x1bc CMakeFiles/Project10_19.dir/Core/App/DHT11.c.obj
 .debug_macro   0x00016820       0x30 CMakeFiles/Project10_19.dir/Core/App/DHT11.c.obj
 .debug_macro   0x00016850       0x3c CMakeFiles/Project10_19.dir/Core/App/DHT11.c.obj
 .debug_macro   0x0001688c       0x57 CMakeFiles/Project10_19.dir/Core/App/DHT11.c.obj
 .debug_macro   0x000168e3      0x46a CMakeFiles/Project10_19.dir/Core/App/DHT11.c.obj
 .debug_macro   0x00016d4d      0x25d CMakeFiles/Project10_19.dir/Core/App/DHT11.c.obj
 .debug_macro   0x00016faa       0x87 CMakeFiles/Project10_19.dir/Core/App/DHT11.c.obj
 .debug_macro   0x00017031      0x24f CMakeFiles/Project10_19.dir/Core/App/DHT11.c.obj
 .debug_macro   0x00017280      0x287 CMakeFiles/Project10_19.dir/Core/App/DHT11.c.obj
 .debug_macro   0x00017507      0x140 CMakeFiles/Project10_19.dir/Core/App/DHT11.c.obj
 .debug_macro   0x00017647      0x8ed CMakeFiles/Project10_19.dir/Core/App/DHT11.c.obj
 .debug_macro   0x00017f34      0x28e CMakeFiles/Project10_19.dir/Core/App/DHT11.c.obj
 .debug_macro   0x000181c2       0xb5 CMakeFiles/Project10_19.dir/Core/App/DHT11.c.obj
 .debug_macro   0x00018277       0x1c CMakeFiles/Project10_19.dir/Core/App/DHT11.c.obj
 .debug_macro   0x00018293       0x22 CMakeFiles/Project10_19.dir/Core/App/DHT11.c.obj
 .debug_macro   0x000182b5      0x1d5 CMakeFiles/Project10_19.dir/Core/App/OLED.c.obj
 .debug_macro   0x0001848a       0x1b CMakeFiles/Project10_19.dir/Core/App/oledfont.c.obj
 .debug_macro   0x000184a5      0x372 CMakeFiles/Project10_19.dir/Core/Src/main.c.obj
 .debug_macro   0x00018817       0x10 CMakeFiles/Project10_19.dir/Core/Src/main.c.obj
 .debug_macro   0x00018827       0x64 CMakeFiles/Project10_19.dir/Core/Src/main.c.obj
 .debug_macro   0x0001888b       0x18 CMakeFiles/Project10_19.dir/Core/Src/main.c.obj
 .debug_macro   0x000188a3       0x35 CMakeFiles/Project10_19.dir/Core/Src/main.c.obj
 .debug_macro   0x000188d8       0x34 CMakeFiles/Project10_19.dir/Core/Src/main.c.obj
 .debug_macro   0x0001890c       0x16 CMakeFiles/Project10_19.dir/Core/Src/main.c.obj
 .debug_macro   0x00018922       0x35 CMakeFiles/Project10_19.dir/Core/Src/main.c.obj
 .debug_macro   0x00018957      0x341 CMakeFiles/Project10_19.dir/Core/Src/main.c.obj
 .debug_macro   0x00018c98       0x10 CMakeFiles/Project10_19.dir/Core/Src/main.c.obj
 .debug_macro   0x00018ca8       0x16 CMakeFiles/Project10_19.dir/Core/Src/main.c.obj
 .debug_macro   0x00018cbe       0x43 CMakeFiles/Project10_19.dir/Core/Src/main.c.obj
 .debug_macro   0x00018d01       0x34 CMakeFiles/Project10_19.dir/Core/Src/main.c.obj
 .debug_macro   0x00018d35       0x10 CMakeFiles/Project10_19.dir/Core/Src/main.c.obj
 .debug_macro   0x00018d45       0x58 CMakeFiles/Project10_19.dir/Core/Src/main.c.obj
 .debug_macro   0x00018d9d      0x182 CMakeFiles/Project10_19.dir/Core/Src/main.c.obj
 .debug_macro   0x00018f1f       0x10 CMakeFiles/Project10_19.dir/Core/Src/main.c.obj
 .debug_macro   0x00018f2f       0x1c CMakeFiles/Project10_19.dir/Core/Src/main.c.obj
 .debug_macro   0x00018f4b       0x52 CMakeFiles/Project10_19.dir/Core/Src/main.c.obj
 .debug_macro   0x00018f9d       0x22 CMakeFiles/Project10_19.dir/Core/Src/main.c.obj
 .debug_macro   0x00018fbf       0x10 CMakeFiles/Project10_19.dir/Core/Src/main.c.obj
 .debug_macro   0x00018fcf       0x52 CMakeFiles/Project10_19.dir/Core/Src/main.c.obj
 .debug_macro   0x00019021       0xd5 CMakeFiles/Project10_19.dir/Core/Src/main.c.obj
 .debug_macro   0x000190f6       0x1c CMakeFiles/Project10_19.dir/Core/Src/main.c.obj
 .debug_macro   0x00019112       0x3d CMakeFiles/Project10_19.dir/Core/Src/main.c.obj
 .debug_macro   0x0001914f       0x16 CMakeFiles/Project10_19.dir/Core/Src/main.c.obj
 .debug_macro   0x00019165      0x16f CMakeFiles/Project10_19.dir/Core/Src/main.c.obj
 .debug_macro   0x000192d4       0x28 CMakeFiles/Project10_19.dir/Core/Src/main.c.obj
 .debug_macro   0x000192fc      0x1da CMakeFiles/Project10_19.dir/Core/Src/gpio.c.obj
 .debug_macro   0x000194d6      0x1da CMakeFiles/Project10_19.dir/Core/Src/adc.c.obj
 .debug_macro   0x000196b0      0x1da CMakeFiles/Project10_19.dir/Core/Src/i2c.c.obj
 .debug_macro   0x0001988a      0x1da CMakeFiles/Project10_19.dir/Core/Src/tim.c.obj
 .debug_macro   0x00019a64      0x2a0 CMakeFiles/Project10_19.dir/Core/Src/usart.c.obj
 .debug_macro   0x00019d04       0x10 CMakeFiles/Project10_19.dir/Core/Src/usart.c.obj
 .debug_macro   0x00019d14      0x1da CMakeFiles/Project10_19.dir/Core/Src/stm32f1xx_it.c.obj
 .debug_macro   0x00019eee      0x1d0 CMakeFiles/Project10_19.dir/Core/Src/stm32f1xx_hal_msp.c.obj
 .debug_macro   0x0001a0be      0x1de CMakeFiles/Project10_19.dir/Drivers/STM32F1xx_HAL_Driver/Src/stm32f1xx_hal_adc.c.obj
 .debug_macro   0x0001a29c      0x1d3 CMakeFiles/Project10_19.dir/Drivers/STM32F1xx_HAL_Driver/Src/stm32f1xx_hal_adc_ex.c.obj
 .debug_macro   0x0001a46f      0x1e5 CMakeFiles/Project10_19.dir/Drivers/STM32F1xx_HAL_Driver/Src/stm32f1xx_hal.c.obj
 .debug_macro   0x0001a654      0x1d3 CMakeFiles/Project10_19.dir/Drivers/STM32F1xx_HAL_Driver/Src/stm32f1xx_hal_rcc.c.obj
 .debug_macro   0x0001a827      0x1c1 CMakeFiles/Project10_19.dir/Drivers/STM32F1xx_HAL_Driver/Src/stm32f1xx_hal_rcc_ex.c.obj
 .debug_macro   0x0001a9e8      0x22c CMakeFiles/Project10_19.dir/Drivers/STM32F1xx_HAL_Driver/Src/stm32f1xx_hal_gpio.c.obj
 .debug_macro   0x0001ac14      0x1c1 CMakeFiles/Project10_19.dir/Drivers/STM32F1xx_HAL_Driver/Src/stm32f1xx_hal_dma.c.obj
 .debug_macro   0x0001add5      0x1c1 CMakeFiles/Project10_19.dir/Drivers/STM32F1xx_HAL_Driver/Src/stm32f1xx_hal_cortex.c.obj
 .debug_macro   0x0001af96      0x20f CMakeFiles/Project10_19.dir/Drivers/STM32F1xx_HAL_Driver/Src/stm32f1xx_hal_i2c.c.obj
 .debug_macro   0x0001b1a5      0x1c2 CMakeFiles/Project10_19.dir/Drivers/STM32F1xx_HAL_Driver/Src/stm32f1xx_hal_tim.c.obj
 .debug_macro   0x0001b367      0x1c1 CMakeFiles/Project10_19.dir/Drivers/STM32F1xx_HAL_Driver/Src/stm32f1xx_hal_tim_ex.c.obj
 .debug_macro   0x0001b528      0x1c2 CMakeFiles/Project10_19.dir/Drivers/STM32F1xx_HAL_Driver/Src/stm32f1xx_hal_uart.c.obj
 .debug_macro   0x0001b6ea      0x1c1 CMakeFiles/Project10_19.dir/Core/Src/system_stm32f1xx.c.obj

.debug_line     0x00000000    0x14dc6
 .debug_line    0x00000000      0x78c CMakeFiles/Project10_19.dir/Core/App/DHT11.c.obj
 .debug_line    0x0000078c      0xa75 CMakeFiles/Project10_19.dir/Core/App/OLED.c.obj
 .debug_line    0x00001201       0x56 CMakeFiles/Project10_19.dir/Core/App/oledfont.c.obj
 .debug_line    0x00001257      0x7ae CMakeFiles/Project10_19.dir/Core/Src/main.c.obj
 .debug_line    0x00001a05      0x550 CMakeFiles/Project10_19.dir/Core/Src/gpio.c.obj
 .debug_line    0x00001f55      0x5a3 CMakeFiles/Project10_19.dir/Core/Src/adc.c.obj
 .debug_line    0x000024f8      0x599 CMakeFiles/Project10_19.dir/Core/Src/i2c.c.obj
 .debug_line    0x00002a91      0x58e CMakeFiles/Project10_19.dir/Core/Src/tim.c.obj
 .debug_line    0x0000301f      0x714 CMakeFiles/Project10_19.dir/Core/Src/usart.c.obj
 .debug_line    0x00003733      0x626 CMakeFiles/Project10_19.dir/Core/Src/stm32f1xx_it.c.obj
 .debug_line    0x00003d59      0x535 CMakeFiles/Project10_19.dir/Core/Src/stm32f1xx_hal_msp.c.obj
 .debug_line    0x0000428e      0xe7a CMakeFiles/Project10_19.dir/Drivers/STM32F1xx_HAL_Driver/Src/stm32f1xx_hal_adc.c.obj
 .debug_line    0x00005108      0xbc3 CMakeFiles/Project10_19.dir/Drivers/STM32F1xx_HAL_Driver/Src/stm32f1xx_hal_adc_ex.c.obj
 .debug_line    0x00005ccb      0x7df CMakeFiles/Project10_19.dir/Drivers/STM32F1xx_HAL_Driver/Src/stm32f1xx_hal.c.obj
 .debug_line    0x000064aa      0xbeb CMakeFiles/Project10_19.dir/Drivers/STM32F1xx_HAL_Driver/Src/stm32f1xx_hal_rcc.c.obj
 .debug_line    0x00007095      0x73a CMakeFiles/Project10_19.dir/Drivers/STM32F1xx_HAL_Driver/Src/stm32f1xx_hal_rcc_ex.c.obj
 .debug_line    0x000077cf      0x8a0 CMakeFiles/Project10_19.dir/Drivers/STM32F1xx_HAL_Driver/Src/stm32f1xx_hal_gpio.c.obj
 .debug_line    0x0000806f     0x110a CMakeFiles/Project10_19.dir/Drivers/STM32F1xx_HAL_Driver/Src/stm32f1xx_hal_dma.c.obj
 .debug_line    0x00009179      0x9c7 CMakeFiles/Project10_19.dir/Drivers/STM32F1xx_HAL_Driver/Src/stm32f1xx_hal_cortex.c.obj
 .debug_line    0x00009b40     0x3975 CMakeFiles/Project10_19.dir/Drivers/STM32F1xx_HAL_Driver/Src/stm32f1xx_hal_i2c.c.obj
 .debug_line    0x0000d4b5     0x34a5 CMakeFiles/Project10_19.dir/Drivers/STM32F1xx_HAL_Driver/Src/stm32f1xx_hal_tim.c.obj
 .debug_line    0x0001095a     0x178b CMakeFiles/Project10_19.dir/Drivers/STM32F1xx_HAL_Driver/Src/stm32f1xx_hal_tim_ex.c.obj
 .debug_line    0x000120e5     0x26a6 CMakeFiles/Project10_19.dir/Drivers/STM32F1xx_HAL_Driver/Src/stm32f1xx_hal_uart.c.obj
 .debug_line    0x0001478b      0x5b2 CMakeFiles/Project10_19.dir/Core/Src/system_stm32f1xx.c.obj
 .debug_line    0x00014d3d       0x89 CMakeFiles/Project10_19.dir/startup_stm32f103xe.s.obj

.debug_str      0x00000000    0xa0b7b
 .debug_str     0x00000000    0x982e8 CMakeFiles/Project10_19.dir/Core/App/DHT11.c.obj
                              0x98708 (size before relaxing)
 .debug_str     0x000982e8      0x5c3 CMakeFiles/Project10_19.dir/Core/App/OLED.c.obj
                              0x98aaf (size before relaxing)
 .debug_str     0x000988ab       0x2d CMakeFiles/Project10_19.dir/Core/App/oledfont.c.obj
                               0x2cc5 (size before relaxing)
 .debug_str     0x000988d8     0x3fff CMakeFiles/Project10_19.dir/Core/Src/main.c.obj
                              0x9c8ac (size before relaxing)
 .debug_str     0x0009c8d7       0x77 CMakeFiles/Project10_19.dir/Core/Src/gpio.c.obj
                              0x98583 (size before relaxing)
 .debug_str     0x0009c94e       0x7b CMakeFiles/Project10_19.dir/Core/Src/adc.c.obj
                              0x988f5 (size before relaxing)
 .debug_str     0x0009c9c9       0x5c CMakeFiles/Project10_19.dir/Core/Src/i2c.c.obj
                              0x98a20 (size before relaxing)
 .debug_str     0x0009ca25      0x3b1 CMakeFiles/Project10_19.dir/Core/Src/tim.c.obj
                              0x98e27 (size before relaxing)
 .debug_str     0x0009cdd6      0x104 CMakeFiles/Project10_19.dir/Core/Src/usart.c.obj
                              0x9b60b (size before relaxing)
 .debug_str     0x0009ceda       0xf0 CMakeFiles/Project10_19.dir/Core/Src/stm32f1xx_it.c.obj
                              0x98c5c (size before relaxing)
 .debug_str     0x0009cfca       0x6b CMakeFiles/Project10_19.dir/Core/Src/stm32f1xx_hal_msp.c.obj
                              0x98539 (size before relaxing)
 .debug_str     0x0009d035      0x396 CMakeFiles/Project10_19.dir/Drivers/STM32F1xx_HAL_Driver/Src/stm32f1xx_hal_adc.c.obj
                              0x98b87 (size before relaxing)
 .debug_str     0x0009d3cb      0x30c CMakeFiles/Project10_19.dir/Drivers/STM32F1xx_HAL_Driver/Src/stm32f1xx_hal_adc_ex.c.obj
                              0x98b23 (size before relaxing)
 .debug_str     0x0009d6d7      0x362 CMakeFiles/Project10_19.dir/Drivers/STM32F1xx_HAL_Driver/Src/stm32f1xx_hal.c.obj
                              0x98cd4 (size before relaxing)
 .debug_str     0x0009da39      0x27c CMakeFiles/Project10_19.dir/Drivers/STM32F1xx_HAL_Driver/Src/stm32f1xx_hal_rcc.c.obj
                              0x98914 (size before relaxing)
 .debug_str     0x0009dcb5       0xca CMakeFiles/Project10_19.dir/Drivers/STM32F1xx_HAL_Driver/Src/stm32f1xx_hal_rcc_ex.c.obj
                              0x98690 (size before relaxing)
 .debug_str     0x0009dd7f      0x330 CMakeFiles/Project10_19.dir/Drivers/STM32F1xx_HAL_Driver/Src/stm32f1xx_hal_gpio.c.obj
                              0x98892 (size before relaxing)
 .debug_str     0x0009e0af      0x241 CMakeFiles/Project10_19.dir/Drivers/STM32F1xx_HAL_Driver/Src/stm32f1xx_hal_dma.c.obj
                              0x988a9 (size before relaxing)
 .debug_str     0x0009e2f0      0x31b CMakeFiles/Project10_19.dir/Drivers/STM32F1xx_HAL_Driver/Src/stm32f1xx_hal_cortex.c.obj
                              0x98c6f (size before relaxing)
 .debug_str     0x0009e60b      0xba5 CMakeFiles/Project10_19.dir/Drivers/STM32F1xx_HAL_Driver/Src/stm32f1xx_hal_i2c.c.obj
                              0x9957f (size before relaxing)
 .debug_str     0x0009f1b0      0xe29 CMakeFiles/Project10_19.dir/Drivers/STM32F1xx_HAL_Driver/Src/stm32f1xx_hal_tim.c.obj
                              0x998b4 (size before relaxing)
 .debug_str     0x0009ffd9      0x4ff CMakeFiles/Project10_19.dir/Drivers/STM32F1xx_HAL_Driver/Src/stm32f1xx_hal_tim_ex.c.obj
                              0x99055 (size before relaxing)
 .debug_str     0x000a04d8      0x608 CMakeFiles/Project10_19.dir/Drivers/STM32F1xx_HAL_Driver/Src/stm32f1xx_hal_uart.c.obj
                              0x98f35 (size before relaxing)
 .debug_str     0x000a0ae0       0x63 CMakeFiles/Project10_19.dir/Core/Src/system_stm32f1xx.c.obj
                              0x9850c (size before relaxing)
 .debug_str     0x000a0b43       0x38 CMakeFiles/Project10_19.dir/startup_stm32f103xe.s.obj
                                 0x5e (size before relaxing)

.comment        0x00000000       0x49
 .comment       0x00000000       0x49 CMakeFiles/Project10_19.dir/Core/App/DHT11.c.obj
                                 0x4a (size before relaxing)
 .comment       0x00000049       0x4a CMakeFiles/Project10_19.dir/Core/App/OLED.c.obj
 .comment       0x00000049       0x4a CMakeFiles/Project10_19.dir/Core/App/oledfont.c.obj
 .comment       0x00000049       0x4a CMakeFiles/Project10_19.dir/Core/Src/main.c.obj
 .comment       0x00000049       0x4a CMakeFiles/Project10_19.dir/Core/Src/gpio.c.obj
 .comment       0x00000049       0x4a CMakeFiles/Project10_19.dir/Core/Src/adc.c.obj
 .comment       0x00000049       0x4a CMakeFiles/Project10_19.dir/Core/Src/i2c.c.obj
 .comment       0x00000049       0x4a CMakeFiles/Project10_19.dir/Core/Src/tim.c.obj
 .comment       0x00000049       0x4a CMakeFiles/Project10_19.dir/Core/Src/usart.c.obj
 .comment       0x00000049       0x4a CMakeFiles/Project10_19.dir/Core/Src/stm32f1xx_it.c.obj
 .comment       0x00000049       0x4a CMakeFiles/Project10_19.dir/Core/Src/stm32f1xx_hal_msp.c.obj
 .comment       0x00000049       0x4a CMakeFiles/Project10_19.dir/Drivers/STM32F1xx_HAL_Driver/Src/stm32f1xx_hal_adc.c.obj
 .comment       0x00000049       0x4a CMakeFiles/Project10_19.dir/Drivers/STM32F1xx_HAL_Driver/Src/stm32f1xx_hal_adc_ex.c.obj
 .comment       0x00000049       0x4a CMakeFiles/Project10_19.dir/Drivers/STM32F1xx_HAL_Driver/Src/stm32f1xx_hal.c.obj
 .comment       0x00000049       0x4a CMakeFiles/Project10_19.dir/Drivers/STM32F1xx_HAL_Driver/Src/stm32f1xx_hal_rcc.c.obj
 .comment       0x00000049       0x4a CMakeFiles/Project10_19.dir/Drivers/STM32F1xx_HAL_Driver/Src/stm32f1xx_hal_rcc_ex.c.obj
 .comment       0x00000049       0x4a CMakeFiles/Project10_19.dir/Drivers/STM32F1xx_HAL_Driver/Src/stm32f1xx_hal_gpio.c.obj
 .comment       0x00000049       0x4a CMakeFiles/Project10_19.dir/Drivers/STM32F1xx_HAL_Driver/Src/stm32f1xx_hal_dma.c.obj
 .comment       0x00000049       0x4a CMakeFiles/Project10_19.dir/Drivers/STM32F1xx_HAL_Driver/Src/stm32f1xx_hal_cortex.c.obj
 .comment       0x00000049       0x4a CMakeFiles/Project10_19.dir/Drivers/STM32F1xx_HAL_Driver/Src/stm32f1xx_hal_i2c.c.obj
 .comment       0x00000049       0x4a CMakeFiles/Project10_19.dir/Drivers/STM32F1xx_HAL_Driver/Src/stm32f1xx_hal_tim.c.obj
 .comment       0x00000049       0x4a CMakeFiles/Project10_19.dir/Drivers/STM32F1xx_HAL_Driver/Src/stm32f1xx_hal_tim_ex.c.obj
 .comment       0x00000049       0x4a CMakeFiles/Project10_19.dir/Drivers/STM32F1xx_HAL_Driver/Src/stm32f1xx_hal_uart.c.obj
 .comment       0x00000049       0x4a CMakeFiles/Project10_19.dir/Core/Src/system_stm32f1xx.c.obj
